ARM Linker, 5.03 [Build 76] [MDK-ARM Professional]

==============================================================================

Section Cross References

    boot_vectors.o(RESET) refers to boot_vectors.o(STACK) for __initial_sp
    boot_vectors.o(RESET) refers to boot_vectors.o(.text) for Reset_Handler
    boot_vectors.o(RESET) refers to rwble.o(.text) for BLE_WAKEUP_LP_Handler
    boot_vectors.o(RESET) refers to uart_sps.o(.text) for UART_Handler
    boot_vectors.o(RESET) refers to uart2.o(.text) for UART2_Handler
    boot_vectors.o(RESET) refers to gpio.o(.text) for GPIO0_Handler
    boot_vectors.o(.text) refers to system_armcm0.o(.text) for SystemInit
    boot_vectors.o(.text) refers to entry.o(.ARM.Collect$$$$00000000) for __main
    boot_vectors.o(.text) refers to nmi_handler.o(.text) for NMI_HandlerC
    boot_vectors.o(.text) refers to hardfault_handler.o(.text) for HardFault_HandlerC
    boot_vectors.o(.text) refers to arch_main.o(.text) for SVC_Handler_c
    arch_main.o(.text) refers to arch_system.o(.text) for set_sleep_delay
    arch_main.o(.text) refers to gpio.o(.text) for GPIO_init
    arch_main.o(.text) refers to periph_setup.o(.text) for periph_init
    arch_main.o(.text) refers to nvds.o(.text) for nvds_read_bdaddr_from_otp
    arch_main.o(.text) refers to rf_580.o(.text) for iq_trim_from_otp
    arch_main.o(.text) refers to arch_sleep.o(.text) for app_set_extended_sleep
    arch_main.o(.text) refers to app.o(.text) for app_init
    arch_main.o(.text) refers to uart_sps.o(.text) for uart_sps_sw_flow_on
    arch_main.o(.text) refers to app_sps_scheduler.o(.text) for app_ble_pull
    arch_main.o(.text) refers to rwip.o(.text) for rwip_sleep
    arch_main.o(.text) refers to arch_main.o(.constdata) for .constdata
    arch_main.o(.text) refers to arch_main.o(retention_mem_area0) for retention_mem_area0
    arch_main.o(.text) refers to arch_main.o(BLE_exchange_memory) for BLE_exchange_memory
    arch_main.o(.text) refers to app.o(retention_mem_area0) for app_sleep_flow_off
    arch_main.o(.text) refers to app_sps_scheduler.o(retention_mem_area0) for uarttoble_buffer
    arch_main.o(.text) refers to jump_table.o(jump_table_mem_area) for jump_table_base
    arch_main.o(.constdata) refers to arch_main.o(.text) for cmp_abs_time
    arch_main.o(.constdata) refers to atts_task.obj(.text) for l2cc_pdu_recv_ind_handler
    arch_main.o(.constdata) refers to smpc.obj(.text) for smpc_send_pairing_req_ind
    arch_main.o(.constdata) refers to smpc_task.obj(.text) for smpc_pairing_cfm_handler
    arch_main.o(.constdata) refers to ch_map.obj(.text) for my_llc_con_update_req_ind
    arch_main.o(.constdata) refers to gapm_util.obj(.text) for patched_gapm_adv_op_sanity
    jump_table.o(jump_table_mem_area) refers to arch_main.o(.text) for main_func
    jump_table.o(jump_table_mem_area) refers to rf_580.o(.text) for rf_init_func
    jump_table.o(jump_table_mem_area) refers to prf_utils.o(.text) for prf_init_func
    jump_table.o(jump_table_mem_area) refers to arch_system.o(.text) for uart_flow_off_func
    jump_table.o(jump_table_mem_area) refers to rwble.o(.text) for lld_sleep_compensate_func_patched
    jump_table.o(jump_table_mem_area) refers to jump_table.o(heap_mem_area_not_ret) for rwip_heap_non_ret
    jump_table.o(jump_table_mem_area) refers to jump_table.o(heap_env_area) for rwip_heap_env_ret
    jump_table.o(jump_table_mem_area) refers to jump_table.o(heap_db_area) for rwip_heap_db_ret
    jump_table.o(jump_table_mem_area) refers to jump_table.o(heap_msg_area) for rwip_heap_msg_ret
    jump_table.o(jump_table_mem_area) refers to ke_task.obj(.text) for ke_task_init_func
    jump_table.o(jump_table_mem_area) refers to nvds.o(.text) for custom_nvds_get_func
    jump_table.o(jump_table_mem_area) refers to arch_main.o(.constdata) for LUT_CFG
    arch_sleep.o(.text) refers to arch_sleep.o(retention_mem_area0) for retention_mem_area0
    arch_sleep.o(.text) refers to rwble.o(retention_mem_area0) for rwble_last_event
    periph_setup.o(.text) refers to gpio.o(.text) for GPIO_ConfigurePin
    periph_setup.o(.text) refers to arch_main.o(.text) for patch_func
    periph_setup.o(.text) refers to uart_sps.o(.text) for uart_sps_init
    periph_setup.o(.text) refers to app_sps_scheduler.o(.text) for app_scheduler_reinit
    periph_setup.o(.text) refers to gpio.o(.bss) for GPIO
    arch_system.o(.text) refers to arch_system.o(retention_mem_area0) for retention_mem_area0
    arch_system.o(.text) refers to arch_main.o(retention_mem_area0) for sys_startup_flag
    arch_system.o(.text) refers to arch_system.o(.data) for .data
    rf_580.o(.text) refers to jump_table.o(jump_table_mem_area) for jump_table_base
    gpio.o(.text) refers to periph_setup.o(.text) for GPIO_reservations
    gpio.o(.text) refers to gpio.o(.bss) for .bss
    gpio.o(.text) refers to gpio.o(.constdata) for .constdata
    uart_sps.o(.text) refers to app_sps_scheduler.o(.text) for app_override_ble_xoff
[...]
    gapc_get_sign_counter                    0x0002e453   Thumb Code     0  rom_symdef.txt ABSOLUTE
    gapc_send_complete_evt                   0x0002e471   Thumb Code     0  rom_symdef.txt ABSOLUTE
    gapc_send_error_evt                      0x0002e4bd   Thumb Code     0  rom_symdef.txt ABSOLUTE
    gapc_is_sec_set                          0x0002e4df   Thumb Code     0  rom_symdef.txt ABSOLUTE
    gapc_get_enc_keysize                     0x0002e549   Thumb Code     0  rom_symdef.txt ABSOLUTE
    gapc_set_enc_keysize                     0x0002e561   Thumb Code     0  rom_symdef.txt ABSOLUTE
    gapc_link_encrypted                      0x0002e575   Thumb Code     0  rom_symdef.txt ABSOLUTE
    gapc_auth_set                            0x0002e58f   Thumb Code     0  rom_symdef.txt ABSOLUTE
    gapc_param_updata_sanity                 0x0002e67b   Thumb Code     0  rom_symdef.txt ABSOLUTE
    gapm_init                                0x0002f4f3   Thumb Code     0  rom_symdef.txt ABSOLUTE
    gapm_host_init                           0x0002f547   Thumb Code     0  rom_symdef.txt ABSOLUTE
    gapm_get_operation                       0x0002f56d   Thumb Code     0  rom_symdef.txt ABSOLUTE
    gapm_send_complete_evt                   0x0002f57f   Thumb Code     0  rom_symdef.txt ABSOLUTE
    gapm_send_error_evt                      0x0002f5b5   Thumb Code     0  rom_symdef.txt ABSOLUTE
    gapm_con_create                          0x0002f5d3   Thumb Code     0  rom_symdef.txt ABSOLUTE
    gapm_con_enable                          0x0002f631   Thumb Code     0  rom_symdef.txt ABSOLUTE
    gapm_con_cleanup                         0x0002f63d   Thumb Code     0  rom_symdef.txt ABSOLUTE
    gapm_get_privacy_flag                    0x00030c7f   Thumb Code     0  rom_symdef.txt ABSOLUTE
    gapm_set_recon_addr                      0x00030cab   Thumb Code     0  rom_symdef.txt ABSOLUTE
    gapm_adv_op_sanity                       0x00030cef   Thumb Code     0  rom_symdef.txt ABSOLUTE
    gapm_set_adv_mode                        0x00030e75   Thumb Code     0  rom_symdef.txt ABSOLUTE
    gapm_execute_adv_op                      0x00030e8d   Thumb Code     0  rom_symdef.txt ABSOLUTE
    gapm_scan_op_sanity                      0x00030fdd   Thumb Code     0  rom_symdef.txt ABSOLUTE
    gapm_set_scan_mode                       0x000310b5   Thumb Code     0  rom_symdef.txt ABSOLUTE
    gapm_execute_scan_op                     0x000310d1   Thumb Code     0  rom_symdef.txt ABSOLUTE
    gapm_connect_op_sanity                   0x00031175   Thumb Code     0  rom_symdef.txt ABSOLUTE
    gapm_execute_connect_op                  0x000312b9   Thumb Code     0  rom_symdef.txt ABSOLUTE
    gapm_get_role                            0x0003142d   Thumb Code     0  rom_symdef.txt ABSOLUTE
    gapm_get_recon_addr                      0x00031433   Thumb Code     0  rom_symdef.txt ABSOLUTE
    gapm_set_privacy_flag                    0x00031473   Thumb Code     0  rom_symdef.txt ABSOLUTE
    gapm_get_ad_type_flag                    0x0003149f   Thumb Code     0  rom_symdef.txt ABSOLUTE
    gapm_add_to_filter                       0x000314c5   Thumb Code     0  rom_symdef.txt ABSOLUTE
    gapm_is_filtered                         0x00031529   Thumb Code     0  rom_symdef.txt ABSOLUTE
    gapm_update_air_op_state                 0x0003157f   Thumb Code     0  rom_symdef.txt ABSOLUTE
    gapm_get_irk                             0x00031635   Thumb Code     0  rom_symdef.txt ABSOLUTE
    gapm_get_bdaddr                          0x0003163b   Thumb Code     0  rom_symdef.txt ABSOLUTE
    l2cc_pdu_pack                            0x0003164d   Thumb Code     0  rom_symdef.txt ABSOLUTE
    l2cc_pdu_unpack                          0x000318f3   Thumb Code     0  rom_symdef.txt ABSOLUTE
    l2cc_detect_dest                         0x00031b2d   Thumb Code     0  rom_symdef.txt ABSOLUTE
    smpc_check_param                         0x00031b95   Thumb Code     0  rom_symdef.txt ABSOLUTE
    ke_init                                  0x0003200d   Thumb Code     0  rom_symdef.txt ABSOLUTE
    ke_flush                                 0x00032039   Thumb Code     0  rom_symdef.txt ABSOLUTE
    ke_sleep_check                           0x00032079   Thumb Code     0  rom_symdef.txt ABSOLUTE
    ke_event_init                            0x00032091   Thumb Code     0  rom_symdef.txt ABSOLUTE
    ke_event_callback_set                    0x0003209d   Thumb Code     0  rom_symdef.txt ABSOLUTE
    ke_event_set                             0x000320b1   Thumb Code     0  rom_symdef.txt ABSOLUTE
    ke_event_clear                           0x000320dd   Thumb Code     0  rom_symdef.txt ABSOLUTE
    ke_event_get                             0x00032109   Thumb Code     0  rom_symdef.txt ABSOLUTE
    ke_event_get_all                         0x0003212f   Thumb Code     0  rom_symdef.txt ABSOLUTE
    ke_event_flush                           0x00032135   Thumb Code     0  rom_symdef.txt ABSOLUTE
    ke_event_schedule                        0x0003213d   Thumb Code     0  rom_symdef.txt ABSOLUTE
    ke_mem_init                              0x0003218d   Thumb Code     0  rom_symdef.txt ABSOLUTE
    ke_mem_is_empty                          0x000321d7   Thumb Code     0  rom_symdef.txt ABSOLUTE
    ke_malloc                                0x00032215   Thumb Code     0  rom_symdef.txt ABSOLUTE
    ke_free                                  0x000322d7   Thumb Code     0  rom_symdef.txt ABSOLUTE
    ke_msg_alloc                             0x000323b1   Thumb Code     0  rom_symdef.txt ABSOLUTE
    ke_msg_send                              0x000323e1   Thumb Code     0  rom_symdef.txt ABSOLUTE
    ke_msg_send_basic                        0x0003240d   Thumb Code     0  rom_symdef.txt ABSOLUTE
    ke_msg_forward                           0x0003241b   Thumb Code     0  rom_symdef.txt ABSOLUTE
    ke_msg_forward_new_id                    0x00032425   Thumb Code     0  rom_symdef.txt ABSOLUTE
    ke_msg_free                              0x00032435   Thumb Code     0  rom_symdef.txt ABSOLUTE
    ke_queue_extract                         0x00032441   Thumb Code     0  rom_symdef.txt ABSOLUTE
    ke_queue_insert                          0x0003247f   Thumb Code     0  rom_symdef.txt ABSOLUTE
    ke_task_init                             0x0003256d   Thumb Code     0  rom_symdef.txt ABSOLUTE
    ke_task_create                           0x00032587   Thumb Code     0  rom_symdef.txt ABSOLUTE
    ke_task_delete                           0x000325e1   Thumb Code     0  rom_symdef.txt ABSOLUTE
    ke_state_set                             0x00032631   Thumb Code     0  rom_symdef.txt ABSOLUTE
    ke_state_get                             0x000326b3   Thumb Code     0  rom_symdef.txt ABSOLUTE
    ke_msg_discard                           0x000326e3   Thumb Code     0  rom_symdef.txt ABSOLUTE
    ke_msg_save                              0x000326e7   Thumb Code     0  rom_symdef.txt ABSOLUTE
    ke_task_handler_get                      0x000326eb   Thumb Code     0  rom_symdef.txt ABSOLUTE
    ke_timer_init                            0x00032813   Thumb Code     0  rom_symdef.txt ABSOLUTE
    ke_timer_init_func                       0x00032819   Thumb Code     0  rom_symdef.txt ABSOLUTE
    ke_timer_set                             0x00032825   Thumb Code     0  rom_symdef.txt ABSOLUTE
    ke_timer_clear                           0x000328a5   Thumb Code     0  rom_symdef.txt ABSOLUTE
    ke_timer_active                          0x000328fb   Thumb Code     0  rom_symdef.txt ABSOLUTE
    ke_timer_sleep_check                     0x00032921   Thumb Code     0  rom_symdef.txt ABSOLUTE
    ke_time                                  0x0003297d   Thumb Code     0  rom_symdef.txt ABSOLUTE
    nvds_get                                 0x000329d1   Thumb Code     0  rom_symdef.txt ABSOLUTE
    nvds_get_func                            0x000329d7   Thumb Code     0  rom_symdef.txt ABSOLUTE
    nvds_init                                0x00032bcf   Thumb Code     0  rom_symdef.txt ABSOLUTE
    rwble_hl_init                            0x00032be5   Thumb Code     0  rom_symdef.txt ABSOLUTE
    rwble_hl_send_message                    0x00032c0b   Thumb Code     0  rom_symdef.txt ABSOLUTE
    ble_regs_push                            0x00032c0d   Thumb Code     0  rom_symdef.txt ABSOLUTE
    ble_regs_pop                             0x00032c65   Thumb Code     0  rom_symdef.txt ABSOLUTE
    rf_init                                  0x00032cbd   Thumb Code     0  rom_symdef.txt ABSOLUTE
    rf_reinit                                0x00032cc3   Thumb Code     0  rom_symdef.txt ABSOLUTE
    rwip_init                                0x00032ccb   Thumb Code     0  rom_symdef.txt ABSOLUTE
    rwip_reset                               0x00032d8d   Thumb Code     0  rom_symdef.txt ABSOLUTE
    rwip_version                             0x00032db9   Thumb Code     0  rom_symdef.txt ABSOLUTE
    rwip_prevent_sleep_get                   0x00032dc1   Thumb Code     0  rom_symdef.txt ABSOLUTE
    rwip_schedule                            0x00032dc9   Thumb Code     0  rom_symdef.txt ABSOLUTE
    rwip_prevent_sleep_set                   0x00032eb7   Thumb Code     0  rom_symdef.txt ABSOLUTE
    rwip_wakeup                              0x00032edb   Thumb Code     0  rom_symdef.txt ABSOLUTE
    rwip_prevent_sleep_clear                 0x00032eed   Thumb Code     0  rom_symdef.txt ABSOLUTE
    rwip_wakeup_end                          0x00032f11   Thumb Code     0  rom_symdef.txt ABSOLUTE
    rwip_wakeup_delay_set                    0x00032f2f   Thumb Code     0  rom_symdef.txt ABSOLUTE
    rwip_sleep_enable                        0x00032f3f   Thumb Code     0  rom_symdef.txt ABSOLUTE
    rwip_ext_wakeup_enable                   0x00032f47   Thumb Code     0  rom_symdef.txt ABSOLUTE
    rwble_init                               0x00032f71   Thumb Code     0  rom_symdef.txt ABSOLUTE
    rwble_reset                              0x00032fd5   Thumb Code     0  rom_symdef.txt ABSOLUTE
    rwble_version                            0x00033003   Thumb Code     0  rom_symdef.txt ABSOLUTE
    rwble_get_clock                          0x0003302d   Thumb Code     0  rom_symdef.txt ABSOLUTE
    BLE_FINETGTIM_Handler                    0x00033105   Thumb Code     0  rom_symdef.txt ABSOLUTE
    BLE_GROSSTGTIM_Handler                   0x0003310d   Thumb Code     0  rom_symdef.txt ABSOLUTE
    $Super$$BLE_CSCNT_Handler                0x00033115   Thumb Code     0  rom_symdef.txt ABSOLUTE
    BLE_ERROR_Handler                        0x0003318d   Thumb Code     0  rom_symdef.txt ABSOLUTE
    BLE_CRYPT_Handler                        0x000331ad   Thumb Code     0  rom_symdef.txt ABSOLUTE
    func_check_mem                           0x000331eb   Thumb Code     0  rom_symdef.txt ABSOLUTE
    test_rxdone                              0x0003323d   Thumb Code     0  rom_symdef.txt ABSOLUTE
    prf_create                               0x000339fd   Thumb Code     0  rom_symdef.txt ABSOLUTE
    prf_init                                 0x00033a23   Thumb Code     0  rom_symdef.txt ABSOLUTE
    prf_cleanup                              0x00033a2b   Thumb Code     0  rom_symdef.txt ABSOLUTE
    __aeabi_uidiv                            0x00033aa7   Thumb Code     0  rom_symdef.txt ABSOLUTE
    __aeabi_uidivmod                         0x00033aa7   Thumb Code     0  rom_symdef.txt ABSOLUTE
    __aeabi_idiv                             0x00033ad3   Thumb Code     0  rom_symdef.txt ABSOLUTE
    __aeabi_idivmod                          0x00033ad3   Thumb Code     0  rom_symdef.txt ABSOLUTE
    rand                                     0x00033afd   Thumb Code     0  rom_symdef.txt ABSOLUTE
    srand                                    0x00033b0f   Thumb Code     0  rom_symdef.txt ABSOLUTE
    __aeabi_memcpy                           0x00033b21   Thumb Code     0  rom_symdef.txt ABSOLUTE
    __aeabi_memcpy4                          0x00033b21   Thumb Code     0  rom_symdef.txt ABSOLUTE
    __aeabi_memcpy8                          0x00033b21   Thumb Code     0  rom_symdef.txt ABSOLUTE
    __aeabi_memset                           0x00033b45   Thumb Code     0  rom_symdef.txt ABSOLUTE
    __aeabi_memset4                          0x00033b45   Thumb Code     0  rom_symdef.txt ABSOLUTE
    __aeabi_memset8                          0x00033b45   Thumb Code     0  rom_symdef.txt ABSOLUTE
    __aeabi_memclr                           0x00033b53   Thumb Code     0  rom_symdef.txt ABSOLUTE
    __aeabi_memclr4                          0x00033b53   Thumb Code     0  rom_symdef.txt ABSOLUTE
    __aeabi_memclr8                          0x00033b53   Thumb Code     0  rom_symdef.txt ABSOLUTE
    _memset$wrapper                          0x00033b57   Thumb Code     0  rom_symdef.txt ABSOLUTE
    strlen                                   0x00033b69   Thumb Code     0  rom_symdef.txt ABSOLUTE
    memcmp                                   0x00033b77   Thumb Code     0  rom_symdef.txt ABSOLUTE
    __aeabi_dmul                             0x00033b91   Thumb Code     0  rom_symdef.txt ABSOLUTE
    __aeabi_i2d                              0x00033c61   Thumb Code     0  rom_symdef.txt ABSOLUTE
    __aeabi_ui2d                             0x00033c89   Thumb Code     0  rom_symdef.txt ABSOLUTE
    __aeabi_cdcmpeq                          0x00033ca5   Thumb Code     0  rom_symdef.txt ABSOLUTE
    __aeabi_cdcmple                          0x00033ca5   Thumb Code     0  rom_symdef.txt ABSOLUTE
    __I$use$fp                               0x00033ccd   Thumb Code     0  rom_symdef.txt ABSOLUTE
    _double_round                            0x00033ccd   Thumb Code     0  rom_symdef.txt ABSOLUTE
    _double_epilogue                         0x00033ce7   Thumb Code     0  rom_symdef.txt ABSOLUTE
    __aeabi_llsl                             0x00033d8d   Thumb Code     0  rom_symdef.txt ABSOLUTE
    _ll_shift_l                              0x00033d8d   Thumb Code     0  rom_symdef.txt ABSOLUTE
    __aeabi_llsr                             0x00033dad   Thumb Code     0  rom_symdef.txt ABSOLUTE
    _ll_ushift_r                             0x00033dad   Thumb Code     0  rom_symdef.txt ABSOLUTE
    __ARM_clz                                0x00033dcf   Thumb Code     0  rom_symdef.txt ABSOLUTE
    __ARM_common_switch8                     0x00033dfd   Thumb Code     0  rom_symdef.txt ABSOLUTE
    uart_api                                 0x00033e18   Data           0  rom_symdef.txt ABSOLUTE
    co_sca2ppm                               0x00033e28   Data           0  rom_symdef.txt ABSOLUTE
    co_null_bdaddr                           0x00033e38   Data           0  rom_symdef.txt ABSOLUTE
    co_default_bdaddr                        0x00033e3e   Data           0  rom_symdef.txt ABSOLUTE
    dbg_default_handler                      0x00033f14   Data           0  rom_symdef.txt ABSOLUTE
    llc_state_handler                        0x000340dc   Data           0  rom_symdef.txt ABSOLUTE
    llc_default_handler                      0x0003418c   Data           0  rom_symdef.txt ABSOLUTE
    llm_local_cmds                           0x000341bc   Data           0  rom_symdef.txt ABSOLUTE
    llm_local_le_feats                       0x000341fc   Data           0  rom_symdef.txt ABSOLUTE
    llm_local_le_states                      0x00034204   Data           0  rom_symdef.txt ABSOLUTE
    llm_state_handler                        0x00034354   Data           0  rom_symdef.txt ABSOLUTE
    llm_default_handler                      0x00034384   Data           0  rom_symdef.txt ABSOLUTE
    LLM_AA_CT1                               0x0003438c   Data           0  rom_symdef.txt ABSOLUTE
    LLM_AA_CT2                               0x0003438f   Data           0  rom_symdef.txt ABSOLUTE
    gtl_default_state                        0x000343a4   Data           0  rom_symdef.txt ABSOLUTE
    gtl_default_handler                      0x000343bc   Data           0  rom_symdef.txt ABSOLUTE
    attc_default_state                       0x000343d8   Data           0  rom_symdef.txt ABSOLUTE
    attc_state_handler                       0x000343f8   Data           0  rom_symdef.txt ABSOLUTE
    attc_default_handler                     0x00034410   Data           0  rom_symdef.txt ABSOLUTE
    attm_default_state                       0x00034428   Data           0  rom_symdef.txt ABSOLUTE
    attm_state_handler                       0x00034480   Data           0  rom_symdef.txt ABSOLUTE
    attm_default_handler                     0x00034488   Data           0  rom_symdef.txt ABSOLUTE
    atts_default_state                       0x000344a0   Data           0  rom_symdef.txt ABSOLUTE
    atts_state_handler                       0x000344d0   Data           0  rom_symdef.txt ABSOLUTE
    atts_default_handler                     0x000344f8   Data           0  rom_symdef.txt ABSOLUTE
    gattc_default_state                      0x00034510   Data           0  rom_symdef.txt ABSOLUTE
    gattc_state_handler                      0x00034598   Data           0  rom_symdef.txt ABSOLUTE
    gattc_default_handler                    0x000345b0   Data           0  rom_symdef.txt ABSOLUTE
    gattm_default_state                      0x00034604   Data           0  rom_symdef.txt ABSOLUTE
    gattm_state_handler                      0x00034614   Data           0  rom_symdef.txt ABSOLUTE
    gattm_default_handler                    0x00034624   Data           0  rom_symdef.txt ABSOLUTE
    l2cc_default_state                       0x0003463c   Data           0  rom_symdef.txt ABSOLUTE
    l2cc_state_handler                       0x00034654   Data           0  rom_symdef.txt ABSOLUTE
    l2cc_default_handler                     0x0003466c   Data           0  rom_symdef.txt ABSOLUTE
    l2cm_default_state                       0x00034684   Data           0  rom_symdef.txt ABSOLUTE
    l2cm_state_handler                       0x0003468c   Data           0  rom_symdef.txt ABSOLUTE
    l2cm_default_handler                     0x00034694   Data           0  rom_symdef.txt ABSOLUTE
    smpc_default_state                       0x000346c8   Data           0  rom_symdef.txt ABSOLUTE
    smpc_state_handler                       0x00034760   Data           0  rom_symdef.txt ABSOLUTE
    smpc_default_handler                     0x00034780   Data           0  rom_symdef.txt ABSOLUTE
    smpm_default_state                       0x00034798   Data           0  rom_symdef.txt ABSOLUTE
    smpm_state_handler                       0x000347d0   Data           0  rom_symdef.txt ABSOLUTE
    smpm_default_handler                     0x000347e0   Data           0  rom_symdef.txt ABSOLUTE
    gapc_default_state                       0x000347f8   Data           0  rom_symdef.txt ABSOLUTE
    gapc_state_handler                       0x00034910   Data           0  rom_symdef.txt ABSOLUTE
    gapc_default_handler                     0x00034928   Data           0  rom_symdef.txt ABSOLUTE
    gapm_default_state                       0x000349ec   Data           0  rom_symdef.txt ABSOLUTE
    gapm_state_handler                       0x00034b94   Data           0  rom_symdef.txt ABSOLUTE
    gapm_default_handler                     0x00034bbc   Data           0  rom_symdef.txt ABSOLUTE
    smpc_construct_pdu                       0x00034ce8   Data           0  rom_symdef.txt ABSOLUTE
    smpc_recv_pdu                            0x00034d18   Data           0  rom_symdef.txt ABSOLUTE
    dummy                                    0x00080000   Data           0  rom_symdef.txt ABSOLUTE
    sleep_env                                0x00080254   Data           0  rom_symdef.txt ABSOLUTE
    iq_trim_bias_ctrl1_reg                   0x00080256   Data           0  rom_symdef.txt ABSOLUTE
    co_buf_env                               0x00080258   Data           0  rom_symdef.txt ABSOLUTE
    dbg_state                                0x00080348   Data           0  rom_symdef.txt ABSOLUTE
    iq_trim_rf_mixer_ctrl1_reg               0x0008034a   Data           0  rom_symdef.txt ABSOLUTE
    llc_env                                  0x0008034c   Data           0  rom_symdef.txt ABSOLUTE
    llc_state                                0x00080364   Data           0  rom_symdef.txt ABSOLUTE
    ret_winsize_var                          0x0008036a   Data           0  rom_symdef.txt ABSOLUTE
    lld_evt_env                              0x0008036c   Data           0  rom_symdef.txt ABSOLUTE
    lld_sleep_env                            0x0008038c   Data           0  rom_symdef.txt ABSOLUTE
    llm_le_env                               0x00080390   Data           0  rom_symdef.txt ABSOLUTE
    llm_le_env_lpus                          0x000803e4   Data           0  rom_symdef.txt ABSOLUTE
    llm_bt_env                               0x0008042a   Data           0  rom_symdef.txt ABSOLUTE
    llm_state                                0x00080432   Data           0  rom_symdef.txt ABSOLUTE
    uart_env                                 0x00080434   Data           0  rom_symdef.txt ABSOLUTE
    vcocal_ctrl_reg_val                      0x00080452   Data           0  rom_symdef.txt ABSOLUTE
    last_temp_count                          0x00080478   Data           0  rom_symdef.txt ABSOLUTE
    last_temp_time                           0x0008047c   Data           0  rom_symdef.txt ABSOLUTE
    gtl_env                                  0x00080480   Data           0  rom_symdef.txt ABSOLUTE
    gtl_state                                0x000804a4   Data           0  rom_symdef.txt ABSOLUTE
    attc_state                               0x000804a5   Data           0  rom_symdef.txt ABSOLUTE
    attm_env                                 0x000804ac   Data           0  rom_symdef.txt ABSOLUTE
    attm_state                               0x000804b4   Data           0  rom_symdef.txt ABSOLUTE
    atts_env                                 0x000804b8   Data           0  rom_symdef.txt ABSOLUTE
    atts_state                               0x000804d0   Data           0  rom_symdef.txt ABSOLUTE
    gattc_env                                0x000804d8   Data           0  rom_symdef.txt ABSOLUTE
    gattc_state                              0x000804f0   Data           0  rom_symdef.txt ABSOLUTE
    gattm_env                                0x000804f6   Data           0  rom_symdef.txt ABSOLUTE
    gattm_state                              0x000804fc   Data           0  rom_symdef.txt ABSOLUTE
    l2cc_env                                 0x00080500   Data           0  rom_symdef.txt ABSOLUTE
    l2cc_state                               0x00080518   Data           0  rom_symdef.txt ABSOLUTE
    l2cm_env                                 0x0008051e   Data           0  rom_symdef.txt ABSOLUTE
    l2cm_state                               0x00080524   Data           0  rom_symdef.txt ABSOLUTE
    smpc_env                                 0x00080528   Data           0  rom_symdef.txt ABSOLUTE
    smpc_state                               0x00080540   Data           0  rom_symdef.txt ABSOLUTE
    smpm_env                                 0x00080548   Data           0  rom_symdef.txt ABSOLUTE
    smpm_state                               0x00080550   Data           0  rom_symdef.txt ABSOLUTE
    gapc_env                                 0x00080554   Data           0  rom_symdef.txt ABSOLUTE
    gapc_state                               0x0008056c   Data           0  rom_symdef.txt ABSOLUTE
    gap_cfg_table                            0x00080574   Data           0  rom_symdef.txt ABSOLUTE
    gapm_env                                 0x00080578   Data           0  rom_symdef.txt ABSOLUTE
    gapm_state                               0x000805a4   Data           0  rom_symdef.txt ABSOLUTE
    ke_env                                   0x000805a8   Data           0  rom_symdef.txt ABSOLUTE
    ke_task_env                              0x00080604   Data           0  rom_symdef.txt ABSOLUTE
    nvds_data_ptr                            0x000806c0   Data           0  rom_symdef.txt ABSOLUTE
    func_check_mem_flag                      0x000806c4   Data           0  rom_symdef.txt ABSOLUTE
    ke_mem_heaps_used                        0x000806c5   Data           0  rom_symdef.txt ABSOLUTE
    rwip_env                                 0x000806c6   Data           0  rom_symdef.txt ABSOLUTE
    ble_reg_save                             0x000806cc   Data           0  rom_symdef.txt ABSOLUTE
    rwip_rf                                  0x0008071c   Data           0  rom_symdef.txt ABSOLUTE
    rwip_heap_db_ret                         0x00080768   Data        1536  jump_table.o(heap_db_area)
    rwip_heap_env_ret                        0x00080d68   Data         668  jump_table.o(heap_env_area)
    rwip_heap_msg_ret                        0x00081004   Data        2060  jump_table.o(heap_msg_area)
    descript                                 0x00082a20   Data        1502  arch_main.o(BLE_exchange_memory)
    __Vectors                                0x20000000   Data           4  boot_vectors.o(RESET)
    __Vectors_End                            0x200000a0   Data           0  boot_vectors.o(RESET)
    jump_table_base                          0x20000160   Data         352  jump_table.o(jump_table_mem_area)
    gap_timeout_table                        0x200002c0   Data         100  gapm.o(timeout_table_area)
    nvds_data_storage                        0x20000340   Data         164  nvds.o(nvds_data_storage_area)
    __main                                   0x20000441   Thumb Code     0  entry.o(.ARM.Collect$$$$00000000)
    _main_stk                                0x20000441   Thumb Code     0  entry2.o(.ARM.Collect$$$$00000001)
    _main_scatterload                        0x20000445   Thumb Code     0  entry5.o(.ARM.Collect$$$$00000004)
    __main_after_scatterload                 0x20000449   Thumb Code     0  entry5.o(.ARM.Collect$$$$00000004)
    _main_clock                              0x20000449   Thumb Code     0  entry7b.o(.ARM.Collect$$$$00000008)
    _main_cpp_init                           0x20000449   Thumb Code     0  entry8b.o(.ARM.Collect$$$$0000000A)
    _main_init                               0x20000449   Thumb Code     0  entry9a.o(.ARM.Collect$$$$0000000B)
    __rt_final_cpp                           0x20000451   Thumb Code     0  entry10a.o(.ARM.Collect$$$$0000000D)
    __rt_final_exit                          0x20000451   Thumb Code     0  entry11a.o(.ARM.Collect$$$$0000000F)
    SystemInit                               0x20000455   Thumb Code    60  system_armcm0.o(.text)
    Reset_Handler                            0x200004a1   Thumb Code     8  boot_vectors.o(.text)
    PendSV_Handler                           0x200004f1   Thumb Code     2  boot_vectors.o(.text)
    SysTick_Handler                          0x200004f3   Thumb Code     2  boot_vectors.o(.text)
    ADC_Handler                              0x200004f5   Thumb Code     0  boot_vectors.o(.text)
    I2C_Handler                              0x200004f5   Thumb Code     0  boot_vectors.o(.text)
    KEYBRD_Handler                           0x200004f5   Thumb Code     0  boot_vectors.o(.text)
    RFCAL_Handler                            0x200004f5   Thumb Code     0  boot_vectors.o(.text)
    SPI_Handler                              0x200004f5   Thumb Code     0  boot_vectors.o(.text)
    SWTIM_Handler                            0x200004f5   Thumb Code     0  boot_vectors.o(.text)
    WKUP_QUADEC_Handler                      0x200004f5   Thumb Code     0  boot_vectors.o(.text)
    HardFault_HandlerC                       0x20000511   Thumb Code    86  hardfault_handler.o(.text)
    SVC_Handler_c                            0x200005c3   Thumb Code    22  arch_main.o(.text)
    patch_func                               0x200005d9   Thumb Code    98  arch_main.o(.text)
    lld_sleep_init_func                      0x2000063b   Thumb Code    26  arch_main.o(.text)
    main_func                                0x20000655   Thumb Code   604  arch_main.o(.text)
    dummyf                                   0x20000951   Thumb Code     2  jump_table.o(.text)
    app_disable_sleep                        0x20000955   Thumb Code    26  arch_sleep.o(.text)
    app_set_extended_sleep                   0x2000096f   Thumb Code    26  arch_sleep.o(.text)
    app_set_deep_sleep                       0x20000989   Thumb Code    28  arch_sleep.o(.text)
    app_restore_sleep_mode                   0x200009a5   Thumb Code    68  arch_sleep.o(.text)
    app_force_active_mode                    0x200009e9   Thumb Code    30  arch_sleep.o(.text)
    app_ble_ext_wakeup_on                    0x20000a07   Thumb Code     8  arch_sleep.o(.text)
    app_ble_ext_wakeup_off                   0x20000a0f   Thumb Code     8  arch_sleep.o(.text)
    app_ble_ext_wakeup_get                   0x20000a17   Thumb Code     6  arch_sleep.o(.text)
    app_ble_force_wakeup                     0x20000a1d   Thumb Code    46  arch_sleep.o(.text)
    app_last_rwble_evt_get                   0x20000a4b   Thumb Code     6  arch_sleep.o(.text)
    NMI_HandlerC                             0x20000a65   Thumb Code   126  nmi_handler.o(.text)
    GPIO_reservations                        0x20000af5   Thumb Code   116  periph_setup.o(.text)
    set_pad_functions                        0x20000b69   Thumb Code    52  periph_setup.o(.text)
    periph_init                              0x20000b9d   Thumb Code    58  periph_setup.o(.text)
    select_lp_clk                            0x20000be1   Thumb Code     8  arch_system.o(.text)
    init_pwr_and_clk_ble                     0x20000be9   Thumb Code   196  arch_system.o(.text)
    use_lowest_amba_clocks                   0x20000cad   Thumb Code    22  arch_system.o(.text)
    use_highest_amba_clocks                  0x20000cc3   Thumb Code    22  arch_system.o(.text)
    set_pxact_gpio                           0x20000cd9   Thumb Code    24  arch_system.o(.text)
    calibrate_rcx20                          0x20000cf1   Thumb Code     2  arch_system.o(.text)
    read_rcx_freq                            0x20000cf3   Thumb Code     2  arch_system.o(.text)
    set_sleep_delay                          0x20000cf5   Thumb Code    10  arch_system.o(.text)
    get_rc16m_count_func                     0x20000cff   Thumb Code    28  arch_system.o(.text)
    conditionally_run_radio_cals             0x20000d1b   Thumb Code    82  arch_system.o(.text)
    lld_sleep_us_2_lpcycles_rcx_func         0x20000d6d   Thumb Code     6  arch_system.o(.text)
    lld_sleep_lpcycles_2_us_rcx_func         0x20000d73   Thumb Code     6  arch_system.o(.text)
    lld_sleep_us_2_lpcycles_sel_func         0x20000d79   Thumb Code    10  arch_system.o(.text)
    lld_sleep_lpcycles_2_us_sel_func         0x20000d83   Thumb Code    10  arch_system.o(.text)
    uart_flow_off_func                       0x20000d8d   Thumb Code    58  arch_system.o(.text)
    calculate_arch_adv_time                  0x20000dc7   Thumb Code    12  arch_system.o(.text)
    check_sys_startup_period                 0x20000dd3   Thumb Code    90  arch_system.o(.text)
    app_use_lower_clocks_check               0x20000e2d   Thumb Code     4  arch_system.o(.text)
    iq_trim_from_otp                         0x20000e65   Thumb Code    54  rf_580.o(.text)
    rf_reg_rd                                0x20000e9b   Thumb Code     4  rf_580.o(.text)
    rf_reg_wr                                0x20000e9f   Thumb Code     2  rf_580.o(.text)
    rf_reset                                 0x20000ea1   Thumb Code     2  rf_580.o(.text)
    rf_force_agc_enable                      0x20000ea3   Thumb Code     2  rf_580.o(.text)
    rf_txpwr_dbm_get                         0x20000ea5   Thumb Code     4  rf_580.o(.text)
    rf_regs                                  0x20000eb9   Thumb Code   214  rf_580.o(.text)
    rf_init_func                             0x20000f93   Thumb Code   138  rf_580.o(.text)
    rf_reinit_func                           0x2000101d   Thumb Code   120  rf_580.o(.text)
    GPIO_init                                0x20001141   Thumb Code   140  gpio.o(.text)
    GPIO_SetPinFunction                      0x200011cd   Thumb Code    66  gpio.o(.text)
    GPIO_SetInactive                         0x2000120f   Thumb Code    60  gpio.o(.text)
    GPIO_SetActive                           0x2000124b   Thumb Code    60  gpio.o(.text)
    GPIO_ConfigurePin                        0x20001287   Thumb Code    80  gpio.o(.text)
    GPIO_GetPinStatus                        0x200012d7   Thumb Code    66  gpio.o(.text)
    GPIO_EnableIRQ                           0x20001319   Thumb Code   614  gpio.o(.text)
    GPIO_ResetIRQ                            0x2000157f   Thumb Code   146  gpio.o(.text)
    GPIO_RegisterCallback                    0x20001611   Thumb Code    12  gpio.o(.text)
    GPIOn_Handler                            0x2000161d   Thumb Code    40  gpio.o(.text)
    GPIO0_Handler                            0x20001645   Thumb Code     4  gpio.o(.text)
    GPIO1_Handler                            0x20001649   Thumb Code     4  gpio.o(.text)
    GPIO2_Handler                            0x2000164d   Thumb Code     4  gpio.o(.text)
    GPIO3_Handler                            0x20001651   Thumb Code     4  gpio.o(.text)
    GPIO4_Handler                            0x20001655   Thumb Code     4  gpio.o(.text)
    uart_sps_is_rx_fifo_empty                0x200016d3   Thumb Code    18  uart_sps.o(.text)
    uart_sps_flow_on                         0x200016e5   Thumb Code     8  uart_sps.o(.text)
    uart_sps_flow_off                        0x200016ed   Thumb Code    72  uart_sps.o(.text)
    uart_sps_init                            0x20001735   Thumb Code    94  uart_sps.o(.text)
    uart_sps_sw_flow_on                      0x20001793   Thumb Code     8  uart_sps.o(.text)
    uart_sps_sw_flow_off                     0x2000179b   Thumb Code    68  uart_sps.o(.text)
    uart_sps_force_flow_off                  0x200017df   Thumb Code    12  uart_sps.o(.text)
    tx_buffer_size                           0x200017eb   Thumb Code     6  uart_sps.o(.text)
    uart_sps_finish_transfers                0x200017f1   Thumb Code    24  uart_sps.o(.text)
    uart_sps_read                            0x20001809   Thumb Code    26  uart_sps.o(.text)
    uart_sps_write                           0x20001823   Thumb Code    26  uart_sps.o(.text)
    UART_Handler                             0x2000183d   Thumb Code    92  uart_sps.o(.text)
    uart_sps_fifo_check                      0x20001899   Thumb Code    36  uart_sps.o(.text)
    uart_send_byte                           0x200018bd   Thumb Code    12  uart_sps.o(.text)
    printf_string                            0x200018c9   Thumb Code    20  uart_sps.o(.text)
    uart2_init_func                          0x200019f5   Thumb Code    86  uart2.o(.text)
    uart2_init                               0x20001a4b   Thumb Code     2  uart2.o(.text)
    uart2_flow_on_func                       0x20001a4d   Thumb Code     8  uart2.o(.text)
    uart2_flow_on                            0x20001a55   Thumb Code     8  uart2.o(.text)
    uart2_flow_off_func                      0x20001a5d   Thumb Code    58  uart2.o(.text)
    uart2_flow_off                           0x20001a97   Thumb Code     2  uart2.o(.text)
    uart2_finish_transfers_func              0x20001a99   Thumb Code    24  uart2.o(.text)
    uart2_finish_transfers                   0x20001ab1   Thumb Code     2  uart2.o(.text)
    uart2_read_func                          0x20001ab3   Thumb Code    22  uart2.o(.text)
    uart2_read                               0x20001ac9   Thumb Code     2  uart2.o(.text)
    uart2_write_func                         0x20001acb   Thumb Code    34  uart2.o(.text)
    uart2_write                              0x20001aed   Thumb Code     2  uart2.o(.text)
    UART2_Handler_func                       0x20001aef   Thumb Code    82  uart2.o(.text)
    UART2_Handler                            0x20001b41   Thumb Code     2  uart2.o(.text)
    ke_task_init_func                        0x20001c23   Thumb Code    20  ke_task.obj(.text)
    l2cc_pdu_recv_ind_handler                0x20001c49   Thumb Code   232  atts_task.obj(.text)
    smpc_send_pairing_req_ind                0x20001d35   Thumb Code   190  smpc.obj(.text)
    smpc_check_pairing_feat                  0x20001df3   Thumb Code    38  smpc.obj(.text)
    smpc_pairing_cfm_handler                 0x20001e21   Thumb Code   528  smpc_task.obj(.text)
    my_llc_con_update_req_ind                0x20002035   Thumb Code   100  ch_map.obj(.text)
    my_llc_ch_map_req_ind                    0x20002099   Thumb Code    84  ch_map.obj(.text)
    patched_gapm_adv_op_sanity               0x200020f9   Thumb Code   208  gapm_util.obj(.text)
    custom_nvds_get_func                     0x20002279   Thumb Code    56  nvds.o(.text)
    nvds_read_bdaddr_from_otp                0x200022b1   Thumb Code    50  nvds.o(.text)
    rwip_sleep                               0x200022fd   Thumb Code   222  rwip.o(.text)
    lld_sleep_compensate_func_patched        0x200023f9   Thumb Code    46  rwble.o(.text)
    BLE_WAKEUP_LP_Handler                    0x20002427   Thumb Code   112  rwble.o(.text)
    BLE_CSCNT_Handler                        0x20002497   Thumb Code    18  rwble.o(.text)
    BLE_SLP_Handler                          0x200024a9   Thumb Code    58  rwble.o(.text)
    BLE_RX_Handler                           0x200024e3   Thumb Code     8  rwble.o(.text)
    BLE_EVENT_Handler                        0x200024eb   Thumb Code    24  rwble.o(.text)
    BLE_RF_DIAG_Handler                      0x20002503   Thumb Code    82  rwble.o(.text)
    prf_server_error_ind_send                0x20002579   Thumb Code    44  prf_utils.o(.text)
    prf_server_send_event                    0x200025a5   Thumb Code    42  prf_utils.o(.text)
    prf_pack_date_time                       0x200025cf   Thumb Code    32  prf_utils.o(.text)
    prf_unpack_date_time                     0x200025ef   Thumb Code    34  prf_utils.o(.text)
    prf_init_func                            0x20002611   Thumb Code    12  prf_utils.o(.text)
    prf_cleanup_func                         0x2000261d   Thumb Code    54  prf_utils.o(.text)
    sps_server_init                          0x20002659   Thumb Code    28  sps_server.o(.text)
    sps_server_led_ind_handler               0x20002bcd   Thumb Code    10  sps_server_task.o(.text)
    sample128_init                           0x20002c01   Thumb Code    28  sample128.o(.text)
    sample128_send_val                       0x20002c1d   Thumb Code    46  sample128.o(.text)
    sample128_disable                        0x20002c4b   Thumb Code    66  sample128.o(.text)
    sample128_upd_char2_cfm_send             0x20002c8d   Thumb Code    28  sample128.o(.text)
    app_init                                 0x20002f31   Thumb Code    62  app.o(.text)
    app_db_init                              0x20002f6f   Thumb Code     8  app.o(.text)
    app_disconnect                           0x20002f77   Thumb Code    34  app.o(.text)
    app_connect_confirm                      0x20002f99   Thumb Code    42  app.o(.text)
    app_adv_start                            0x20002fc3   Thumb Code    36  app.o(.text)
    app_adv_stop                             0x20002fe7   Thumb Code    26  app.o(.text)
    app_param_update_start                   0x20003001   Thumb Code     8  app.o(.text)
    app_timer_set                            0x20003009   Thumb Code    24  app.o(.text)
    app_scanning                             0x20003021   Thumb Code    52  app.o(.text)
    app_connect                              0x20003055   Thumb Code    96  app.o(.text)
    app_cancel_scanning                      0x200030b5   Thumb Code    26  app.o(.text)
    app_set_rxirq_threshold                  0x200030cf   Thumb Code     6  app.o(.text)
    gapm_device_ready_ind_handler            0x200030f5   Thumb Code    46  app_task.o(.text)
    gapm_cmp_evt_handler                     0x20003123   Thumb Code   142  app_task.o(.text)
    gapc_connection_req_ind_handler          0x200031b1   Thumb Code    90  app_task.o(.text)
    gapc_cmp_evt_handler                     0x2000320b   Thumb Code    38  app_task.o(.text)
    gapc_disconnect_ind_handler              0x20003231   Thumb Code    12  app_task.o(.text)
    gapc_param_update_req_ind_handler        0x2000323d   Thumb Code    32  app_task.o(.text)
    app_module_init_cmp_evt_handler          0x2000325d   Thumb Code    36  app_task.o(.text)
    gapm_adv_report_ind_handler              0x20003281   Thumb Code    38  app_task.o(.text)
    app_item_count                           0x20003341   Thumb Code    20  app_sps_scheduler.o(.text)
    app_get_item_address                     0x200033a9   Thumb Code    68  app_sps_scheduler.o(.text)
    app_release_items                        0x200033ed   Thumb Code    50  app_sps_scheduler.o(.text)
    app_update_transmit_allowed              0x20003463   Thumb Code    16  app_sps_scheduler.o(.text)
    app_ble_push                             0x200034f1   Thumb Code    70  app_sps_scheduler.o(.text)
    app_buffer_init                          0x20003537   Thumb Code    72  app_sps_scheduler.o(.text)
    app_uart_init                            0x2000357f   Thumb Code    18  app_sps_scheduler.o(.text)
    app_flowcontrol_init                     0x20003591   Thumb Code    24  app_sps_scheduler.o(.text)
    app_ble_pull                             0x200035a9   Thumb Code    58  app_sps_scheduler.o(.text)
    app_override_ble_xoff                    0x200035e3   Thumb Code    44  app_sps_scheduler.o(.text)
    app_override_ble_xon                     0x2000360f   Thumb Code    44  app_sps_scheduler.o(.text)
    app_check_uart_xon                       0x2000363b   Thumb Code    48  app_sps_scheduler.o(.text)
    app_scheduler_reinit                     0x2000366b   Thumb Code    28  app_sps_scheduler.o(.text)
    app_rwip_sleep_check                     0x20003687   Thumb Code   108  app_sps_scheduler.o(.text)
    app_sleep_check                          0x200036f3   Thumb Code   108  app_sps_scheduler.o(.text)
    app_init_func                            0x200038a1   Thumb Code    14  app_sps_device_project.o(.text)
    app_sec_init_func                        0x200038af   Thumb Code     8  app_sps_device_project.o(.text)
    gattc_exc_mtu_cmd                        0x200038b7   Thumb Code    30  app_sps_device_project.o(.text)
    app_connection_func                      0x200038d5   Thumb Code    34  app_sps_device_project.o(.text)
    app_adv_func                             0x200038f7   Thumb Code   210  app_sps_device_project.o(.text)
    app_disconnect_func                      0x200039c9   Thumb Code    24  app_sps_device_project.o(.text)
    app_db_init_func                         0x200039e1   Thumb Code    46  app_sps_device_project.o(.text)
    app_configuration_func                   0x20003a0f   Thumb Code    40  app_sps_device_project.o(.text)
    app_set_dev_config_complete_func         0x20003a37   Thumb Code    24  app_sps_device_project.o(.text)
    app_update_params_rejected_func          0x20003a4f   Thumb Code     2  app_sps_device_project.o(.text)
    app_update_params_complete_func          0x20003a51   Thumb Code     2  app_sps_device_project.o(.text)
    app_adv_undirect_complete                0x20003a53   Thumb Code     2  app_sps_device_project.o(.text)
    app_adv_direct_complete                  0x20003a55   Thumb Code    16  app_sps_device_project.o(.text)
    app_db_init_complete_func                0x20003a65   Thumb Code     8  app_sps_device_project.o(.text)
    app_connect_failed_func                  0x20003a6d   Thumb Code     2  app_sps_device_project.o(.text)
    app_reset_app                            0x20003a6f   Thumb Code    24  app_sps_device_project.o(.text)
    app_param_update_func                    0x20003a87   Thumb Code    38  app_sps_device_project.o(.text)
    app_sec_encrypt_complete_func            0x20003aad   Thumb Code     2  app_sps_device_project.o(.text)
    app_mitm_passcode_entry_func             0x20003aaf   Thumb Code     2  app_sps_device_project.o(.text)
    app_send_pairing_rsp_func                0x20003ab1   Thumb Code    50  app_sps_device_project.o(.text)
    app_send_tk_exch_func                    0x20003ae3   Thumb Code    62  app_sps_device_project.o(.text)
    app_send_irk_exch_func                   0x20003b21   Thumb Code     2  app_sps_device_project.o(.text)
    app_send_csrk_exch_func                  0x20003b23   Thumb Code    60  app_sps_device_project.o(.text)
    app_send_ltk_exch_func                   0x20003b5f   Thumb Code    78  app_sps_device_project.o(.text)
    app_paired_func                          0x20003bad   Thumb Code     2  app_sps_device_project.o(.text)
    app_validate_encrypt_req_func            0x20003baf   Thumb Code     4  app_sps_device_project.o(.text)
    app_sec_encrypt_ind_func                 0x20003bb3   Thumb Code     2  app_sps_device_project.o(.text)
    app_sps_create_db_cfm_handler            0x20003bfd   Thumb Code    38  app_spss_task.o(.text)
    app_sps_server_enable_cfm_handler        0x20003c23   Thumb Code     4  app_spss_task.o(.text)
    app_server_request_flow_control_handler  0x20003c27   Thumb Code    24  app_spss_task.o(.text)
    app_sps_create_db                        0x20003c45   Thumb Code    24  app_spss.o(.text)
    app_sps_init                             0x20003c5d   Thumb Code    16  app_spss.o(.text)
    app_sps_enable                           0x20003c6d   Thumb Code    30  app_spss.o(.text)
    app_send_ble_flowctrl                    0x20003c8b   Thumb Code    26  app_spss.o(.text)
    app_init_ble_tx                          0x20003ca5   Thumb Code    22  app_spss.o(.text)
    app_sec_gen_tk                           0x20003cc5   Thumb Code    18  app_sec.o(.text)
    app_sec_gen_ltk                          0x20003cd7   Thumb Code    74  app_sec.o(.text)
    app_sec_init                             0x20003d21   Thumb Code    16  app_sec.o(.text)
    app_security_start                       0x20003d31   Thumb Code    46  app_sec.o(.text)
    gapc_bond_req_ind_handler                0x20003d75   Thumb Code    78  app_sec_task.o(.text)
    gapc_bond_ind_handler                    0x20003dc3   Thumb Code    66  app_sec_task.o(.text)
    gapc_encrypt_req_ind_handler             0x20003e05   Thumb Code   120  app_sec_task.o(.text)
    gapc_encrypt_ind_handler                 0x20003e7d   Thumb Code    10  app_sec_task.o(.text)
    app_sample128_create_db_send             0x20003e95   Thumb Code    20  app_sample128.o(.text)
    app_sample128_enable                     0x20003ea9   Thumb Code    58  app_sample128.o(.text)
    sample128_create_db_cfm_handler          0x20003f0d   Thumb Code    38  app_sample128_task.o(.text)
    sample128_disable_ind_handler            0x20003f33   Thumb Code     4  app_sample128_task.o(.text)
    sample128_val_ind_handler                0x20003f37   Thumb Code    16  app_sample128_task.o(.text)
    sample128_timer_handler                  0x20003f47   Thumb Code    50  app_sample128_task.o(.text)
    __scatterload                            0x20003f8d   Thumb Code    28  init.o(.text)
    __scatterload_rt2                        0x20003f8d   Thumb Code     0  init.o(.text)
    Long Thumb to Thumb Veneer to set_system_clocks 0x20003fb1   Thumb Code    12  anon$$obj.o(Veneer$$Code)
    Long Thumb to Thumb Veneer to srand      0x20003fbd   Thumb Code    12  anon$$obj.o(Veneer$$Code)
    Long Thumb to Thumb Veneer to nvds_init  0x20003fc9   Thumb Code    12  anon$$obj.o(Veneer$$Code)
    Long Thumb to Thumb Veneer to rwip_init  0x20003fd5   Thumb Code    12  anon$$obj.o(Veneer$$Code)
    Long Thumb to Thumb Veneer to enable_rf_diag_irq 0x20003fe1   Thumb Code    12  anon$$obj.o(Veneer$$Code)
    Long Thumb to Thumb Veneer to rwip_prevent_sleep_get 0x20003fed   Thumb Code    12  anon$$obj.o(Veneer$$Code)
    Long Thumb to Thumb Veneer to ke_event_get 0x20003ff9   Thumb Code    12  anon$$obj.o(Veneer$$Code)
    Long Thumb to Thumb Veneer to rwip_schedule 0x20004005   Thumb Code    12  anon$$obj.o(Veneer$$Code)
    Long Thumb to Thumb Veneer to lld_sleep_check 0x20004011   Thumb Code    12  anon$$obj.o(Veneer$$Code)
    Long Thumb to Thumb Veneer to func_check_mem 0x2000401d   Thumb Code    12  anon$$obj.o(Veneer$$Code)
    Long Thumb to Thumb Veneer to test_rxdone 0x20004029   Thumb Code    12  anon$$obj.o(Veneer$$Code)
    Long Thumb to Thumb Veneer to ke_mem_is_empty 0x20004035   Thumb Code    12  anon$$obj.o(Veneer$$Code)
    Long Thumb to Thumb Veneer to app_get_sleep_mode 0x20004041   Thumb Code    12  anon$$obj.o(Veneer$$Code)
    Long Thumb to Thumb Veneer to rwip_wakeup_delay_set 0x2000404d   Thumb Code    12  anon$$obj.o(Veneer$$Code)
    Long Thumb to Thumb Veneer to $Super$$get_rc16m_count_func 0x20004059   Thumb Code    12  anon$$obj.o(Veneer$$Code)
    Long Thumb to Thumb Veneer to get_rc16m_count 0x20004065   Thumb Code    12  anon$$obj.o(Veneer$$Code)
    Long Thumb to Thumb Veneer to pll_vcocal_LUT_InitUpdate 0x20004071   Thumb Code    12  anon$$obj.o(Veneer$$Code)
    Long Thumb to Thumb Veneer to rf_calibration 0x2000407d   Thumb Code    12  anon$$obj.o(Veneer$$Code)
    Long Thumb to Thumb Veneer to lld_sleep_us_2_lpcycles_func 0x20004089   Thumb Code    12  anon$$obj.o(Veneer$$Code)
    Long Thumb to Thumb Veneer to lld_sleep_lpcycles_2_us_func 0x20004095   Thumb Code    12  anon$$obj.o(Veneer$$Code)
    Long Thumb to Thumb Veneer to uart_flow_on 0x200040a1   Thumb Code    12  anon$$obj.o(Veneer$$Code)
    Long Thumb to Thumb Veneer to __aeabi_memcpy 0x200040ad   Thumb Code    12  anon$$obj.o(Veneer$$Code)
    Long Thumb to Thumb Veneer to __aeabi_llsl 0x200040b9   Thumb Code    12  anon$$obj.o(Veneer$$Code)
    Long Thumb to Thumb Veneer to co_list_pop_front 0x200040c5   Thumb Code    12  anon$$obj.o(Veneer$$Code)
    Long Thumb to Thumb Veneer to ke_task_handler_get 0x200040d1   Thumb Code    12  anon$$obj.o(Veneer$$Code)
    Long Thumb to Thumb Veneer to ke_msg_free 0x200040dd   Thumb Code    12  anon$$obj.o(Veneer$$Code)
    Long Thumb to Thumb Veneer to co_list_push_back 0x200040e9   Thumb Code    12  anon$$obj.o(Veneer$$Code)
    Long Thumb to Thumb Veneer to ke_event_clear 0x200040f5   Thumb Code    12  anon$$obj.o(Veneer$$Code)
    Long Thumb to Thumb Veneer to __aeabi_memclr4 0x20004101   Thumb Code    12  anon$$obj.o(Veneer$$Code)
    Long Thumb to Thumb Veneer to ke_event_callback_set 0x2000410d   Thumb Code    12  anon$$obj.o(Veneer$$Code)
    Long Thumb to Thumb Veneer to ke_state_get 0x20004119   Thumb Code    12  anon$$obj.o(Veneer$$Code)
    Long Thumb to Thumb Veneer to __ARM_common_switch8 0x20004125   Thumb Code    12  anon$$obj.o(Veneer$$Code)
    Long Thumb to Thumb Veneer to ke_timer_clear 0x20004131   Thumb Code    12  anon$$obj.o(Veneer$$Code)
    Long Thumb to Thumb Veneer to atts_send_cmd_cmp 0x2000413d   Thumb Code    12  anon$$obj.o(Veneer$$Code)
    Long Thumb to Thumb Veneer to ke_state_set 0x20004149   Thumb Code    12  anon$$obj.o(Veneer$$Code)
    Long Thumb to Thumb Veneer to atts_mtu_exc_resp 0x20004155   Thumb Code    12  anon$$obj.o(Veneer$$Code)
    Long Thumb to Thumb Veneer to atts_find_info_resp 0x20004161   Thumb Code    12  anon$$obj.o(Veneer$$Code)
    Long Thumb to Thumb Veneer to atts_find_by_type_resp 0x2000416d   Thumb Code    12  anon$$obj.o(Veneer$$Code)
    Long Thumb to Thumb Veneer to atts_read_by_type_resp 0x20004179   Thumb Code    12  anon$$obj.o(Veneer$$Code)
    Long Thumb to Thumb Veneer to atts_read_by_grp_type_resp 0x20004185   Thumb Code    12  anon$$obj.o(Veneer$$Code)
    Long Thumb to Thumb Veneer to atts_read_resp 0x20004191   Thumb Code    12  anon$$obj.o(Veneer$$Code)
    Long Thumb to Thumb Veneer to atts_read_blob_resp 0x2000419d   Thumb Code    12  anon$$obj.o(Veneer$$Code)
    Long Thumb to Thumb Veneer to atts_read_mult_resp 0x200041a9   Thumb Code    12  anon$$obj.o(Veneer$$Code)
    Long Thumb to Thumb Veneer to atts_write_no_resp 0x200041b5   Thumb Code    12  anon$$obj.o(Veneer$$Code)
    Long Thumb to Thumb Veneer to atts_write_resp 0x200041c1   Thumb Code    12  anon$$obj.o(Veneer$$Code)
    Long Thumb to Thumb Veneer to atts_signed_write_resp 0x200041cd   Thumb Code    12  anon$$obj.o(Veneer$$Code)
    Long Thumb to Thumb Veneer to atts_prepare_write_resp 0x200041d9   Thumb Code    12  anon$$obj.o(Veneer$$Code)
    Long Thumb to Thumb Veneer to atts_execute_write_resp 0x200041e5   Thumb Code    12  anon$$obj.o(Veneer$$Code)
    Long Thumb to Thumb Veneer to ke_msg_alloc 0x200041f1   Thumb Code    12  anon$$obj.o(Veneer$$Code)
    Long Thumb to Thumb Veneer to gapc_get_enc_keysize 0x200041fd   Thumb Code    12  anon$$obj.o(Veneer$$Code)
    Long Thumb to Thumb Veneer to gapc_get_role 0x20004209   Thumb Code    12  anon$$obj.o(Veneer$$Code)
    Long Thumb to Thumb Veneer to ke_msg_send 0x20004215   Thumb Code    12  anon$$obj.o(Veneer$$Code)
    Long Thumb to Thumb Veneer to smpc_generate_rand 0x20004221   Thumb Code    12  anon$$obj.o(Veneer$$Code)
    Long Thumb to Thumb Veneer to smpc_tkdp_send_continue 0x2000422d   Thumb Code    12  anon$$obj.o(Veneer$$Code)
    Long Thumb to Thumb Veneer to smpc_pdu_send 0x20004239   Thumb Code    12  anon$$obj.o(Veneer$$Code)
    Long Thumb to Thumb Veneer to smpc_tkdp_rcp_start 0x20004245   Thumb Code    12  anon$$obj.o(Veneer$$Code)
    Long Thumb to Thumb Veneer to smpc_pairing_end 0x20004251   Thumb Code    12  anon$$obj.o(Veneer$$Code)
    Long Thumb to Thumb Veneer to smpc_check_max_key_size 0x2000425d   Thumb Code    12  anon$$obj.o(Veneer$$Code)
    Long Thumb to Thumb Veneer to smpc_check_key_distrib 0x20004269   Thumb Code    12  anon$$obj.o(Veneer$$Code)
    Long Thumb to Thumb Veneer to smpc_get_key_sec_prop 0x20004275   Thumb Code    12  anon$$obj.o(Veneer$$Code)
    Long Thumb to Thumb Veneer to smpc_is_sec_mode_reached 0x20004281   Thumb Code    12  anon$$obj.o(Veneer$$Code)
    Long Thumb to Thumb Veneer to lld_con_update_ind 0x2000428d   Thumb Code    12  anon$$obj.o(Veneer$$Code)
    Long Thumb to Thumb Veneer to __aeabi_uidivmod 0x20004299   Thumb Code    12  anon$$obj.o(Veneer$$Code)
    Long Thumb to Thumb Veneer to llc_util_dicon_procedure 0x200042a5   Thumb Code    12  anon$$obj.o(Veneer$$Code)
    Long Thumb to Thumb Veneer to lld_ch_map_ind 0x200042b1   Thumb Code    12  anon$$obj.o(Veneer$$Code)
    Long Thumb to Thumb Veneer to gapm_get_privacy_flag 0x200042bd   Thumb Code    12  anon$$obj.o(Veneer$$Code)
    Long Thumb to Thumb Veneer to gapm_set_recon_addr 0x200042c9   Thumb Code    12  anon$$obj.o(Veneer$$Code)
    Long Thumb to Thumb Veneer to memcmp     0x200042d5   Thumb Code    12  anon$$obj.o(Veneer$$Code)
    Long Thumb to Thumb Veneer to nvds_get_func 0x200042e1   Thumb Code    12  anon$$obj.o(Veneer$$Code)
    Long Thumb to Thumb Veneer to ke_sleep_check 0x200042ed   Thumb Code    12  anon$$obj.o(Veneer$$Code)
    Long Thumb to Thumb Veneer to ke_timer_sleep_check 0x200042f9   Thumb Code    12  anon$$obj.o(Veneer$$Code)
    Long Thumb to Thumb Veneer to lld_sleep_enter 0x20004305   Thumb Code    12  anon$$obj.o(Veneer$$Code)
    Long Thumb to Thumb Veneer to ble_regs_push 0x20004311   Thumb Code    12  anon$$obj.o(Veneer$$Code)
    Long Thumb to Thumb Veneer to $Super$$BLE_CSCNT_Handler 0x2000431d   Thumb Code    12  anon$$obj.o(Veneer$$Code)
    Long Thumb to Thumb Veneer to lld_evt_start_isr 0x20004329   Thumb Code    12  anon$$obj.o(Veneer$$Code)
    Long Thumb to Thumb Veneer to ble_regs_pop 0x20004335   Thumb Code    12  anon$$obj.o(Veneer$$Code)
    Long Thumb to Thumb Veneer to rwip_wakeup 0x20004341   Thumb Code    12  anon$$obj.o(Veneer$$Code)
    Long Thumb to Thumb Veneer to rf_workaround_init 0x2000434d   Thumb Code    12  anon$$obj.o(Veneer$$Code)
    Long Thumb to Thumb Veneer to rf_reinit  0x20004359   Thumb Code    12  anon$$obj.o(Veneer$$Code)
    Long Thumb to Thumb Veneer to lld_evt_rx_isr 0x20004365   Thumb Code    12  anon$$obj.o(Veneer$$Code)
    Long Thumb to Thumb Veneer to lld_evt_end_isr 0x20004371   Thumb Code    12  anon$$obj.o(Veneer$$Code)
    Long Thumb to Thumb Veneer to set_rf_cal_cap 0x2000437d   Thumb Code    12  anon$$obj.o(Veneer$$Code)
    Long Thumb to Thumb Veneer to set_gauss_modgain 0x20004389   Thumb Code    12  anon$$obj.o(Veneer$$Code)
    Long Thumb to Thumb Veneer to gapc_get_conhdl 0x20004395   Thumb Code    12  anon$$obj.o(Veneer$$Code)
    Long Thumb to Thumb Veneer to gapc_send_disconect_ind 0x200043a1   Thumb Code    12  anon$$obj.o(Veneer$$Code)
    Long Thumb to Thumb Veneer to __aeabi_memclr 0x200043ad   Thumb Code    12  anon$$obj.o(Veneer$$Code)
    Long Thumb to Thumb Veneer to ke_task_create 0x200043b9   Thumb Code    12  anon$$obj.o(Veneer$$Code)
    Long Thumb to Thumb Veneer to attmdb_add_service 0x200043c5   Thumb Code    12  anon$$obj.o(Veneer$$Code)
    Long Thumb to Thumb Veneer to attmdb_add_attribute 0x200043d1   Thumb Code    12  anon$$obj.o(Veneer$$Code)
    Long Thumb to Thumb Veneer to attmdb_att_set_value 0x200043dd   Thumb Code    12  anon$$obj.o(Veneer$$Code)
    Long Thumb to Thumb Veneer to attmdb_svc_set_permission 0x200043e9   Thumb Code    12  anon$$obj.o(Veneer$$Code)
    Long Thumb to Thumb Veneer to gapc_get_conidx 0x200043f5   Thumb Code    12  anon$$obj.o(Veneer$$Code)
    Long Thumb to Thumb Veneer to atts_write_rsp_send 0x20004401   Thumb Code    12  anon$$obj.o(Veneer$$Code)
    Long Thumb to Thumb Veneer to attmdb_att_get_value 0x2000440d   Thumb Code    12  anon$$obj.o(Veneer$$Code)
    Long Thumb to Thumb Veneer to nvds_get   0x20004419   Thumb Code    12  anon$$obj.o(Veneer$$Code)
    Long Thumb to Thumb Veneer to ke_timer_set 0x20004425   Thumb Code    12  anon$$obj.o(Veneer$$Code)
    Long Thumb to Thumb Veneer to ke_malloc  0x20004431   Thumb Code    12  anon$$obj.o(Veneer$$Code)
    Long Thumb to Thumb Veneer to __aeabi_memcpy4 0x2000443d   Thumb Code    12  anon$$obj.o(Veneer$$Code)
    Long Thumb to Thumb Veneer to rand       0x20004449   Thumb Code    12  anon$$obj.o(Veneer$$Code)
    Long Thumb to Thumb Veneer to __aeabi_idivmod 0x20004455   Thumb Code    12  anon$$obj.o(Veneer$$Code)
    __scatterload_copy                       0x20004461   Thumb Code    14  handlers.o(i.__scatterload_copy)
    __scatterload_null                       0x2000446f   Thumb Code     2  handlers.o(i.__scatterload_null)
    __scatterload_zeroinit                   0x20004471   Thumb Code    14  handlers.o(i.__scatterload_zeroinit)
    patch_table                              0x20004480   Data          32  arch_main.o(.constdata)
    LUT_CFG                                  0x200044a0   Data          22  arch_main.o(.constdata)
    sps_svc                                  0x20004507   Data          16  sps_server_task.o(.constdata)
    sps_data_tx_val                          0x20004517   Data          16  sps_server_task.o(.constdata)
    sps_data_rx_val                          0x20004527   Data          16  sps_server_task.o(.constdata)
    sps_flow_ctrl_val                        0x20004537   Data          16  sps_server_task.o(.constdata)
    sps_led_ctrl_val                         0x20004547   Data          16  sps_server_task.o(.constdata)
    sps_server_disabled                      0x20004558   Data           8  sps_server_task.o(.constdata)
    sps_server_idle                          0x20004560   Data           8  sps_server_task.o(.constdata)
    sps_server_active                        0x20004568   Data          48  sps_server_task.o(.constdata)
    sps_server_state_handler                 0x20004598   Data          24  sps_server_task.o(.constdata)
    sps_server_default_handler               0x200045b0   Data           8  sps_server_task.o(.constdata)
    sample128_svc                            0x200045b8   Data          16  sample128.o(.constdata)
    sample128_1_val                          0x200045c8   Data          16  sample128.o(.constdata)
    sample128_2_val                          0x200045d8   Data          16  sample128.o(.constdata)
    sample128_disabled                       0x200045f8   Data           8  sample128_task.o(.constdata)
    sample128_idle                           0x20004600   Data           8  sample128_task.o(.constdata)
    sample128_connected                      0x20004608   Data          16  sample128_task.o(.constdata)
    sample128_default_state                  0x20004618   Data           8  sample128_task.o(.constdata)
    sample128_state_handler                  0x20004620   Data          24  sample128_task.o(.constdata)
    sample128_default_handler                0x20004638   Data           8  sample128_task.o(.constdata)
    app_default_state                        0x20004650   Data         144  app_task.o(.constdata)
    app_default_handler                      0x200046e0   Data           8  app_task.o(.constdata)
    Region$$Table$$Base                      0x200046e8   Number         0  anon$$obj.o(Region$$Table)
    Region$$Table$$Limit                     0x20004718   Number         0  anon$$obj.o(Region$$Table)
    startup_sleep_delay                      0x20004718   Data           4  arch_system.o(.data)
    sps_led_value                            0x2000471c   Data           1  sps_server_task.o(.data)
    sps_data_server_tx_char                  0x2000471d   Data          19  sps_server_task.o(.data)
    sps_data_server_rx_char                  0x20004730   Data          19  sps_server_task.o(.data)
    sps_flow_ctrl_char                       0x20004743   Data          19  sps_server_task.o(.data)
    sps_led_ctrl_char                        0x20004756   Data          19  sps_server_task.o(.data)
    sample128_1_char                         0x20004769   Data          19  sample128.o(.data)
    sample128_2_char                         0x2000477c   Data          19  sample128.o(.data)
    sample128_my_new                         0x2000478f   Data           8  app_sample128_task.o(.data)
    sys_startup_flag                         0x20008000   Data           1  arch_main.o(retention_mem_area0)
    sleep_md                                 0x20008001   Data           1  arch_sleep.o(retention_mem_area0)
    sleep_pend                               0x20008002   Data           1  arch_sleep.o(retention_mem_area0)
    sleep_cnt                                0x20008003   Data           1  arch_sleep.o(retention_mem_area0)
    sleep_ext_force                          0x20008004   Data           1  arch_sleep.o(retention_mem_area0)
    cal_enable                               0x20008008   Data           1  arch_system.o(retention_mem_area0)
    lp_clk_sel                               0x2000800c   Data           4  arch_system.o(retention_mem_area0)
    rcx_freq                                 0x20008010   Data           4  arch_system.o(retention_mem_area0)
    rcx_period                               0x20008014   Data           4  arch_system.o(retention_mem_area0)
    rcx_slot_duration                        0x20008018   Data           4  arch_system.o(retention_mem_area0)
    dev_bdaddr                               0x2000805c   Data           6  nvds.o(retention_mem_area0)
    sleep_lp_cycles                          0x20008064   Data           4  rwip.o(retention_mem_area0)
    rwble_last_event                         0x20008068   Data           1  rwble.o(retention_mem_area0)
    tx_busy_flag                             0x20008069   Data           1  sps_server_task.o(retention_mem_area0)
    sample128_env                            0x2000806a   Data          10  sample128.o(retention_mem_area0)
    sample128_state                          0x20008074   Data           1  sample128_task.o(retention_mem_area0)
    app_env                                  0x20008076   Data          12  app.o(retention_mem_area0)
    app_sleep_flow_off                       0x20008082   Data           1  app.o(retention_mem_area0)
    app_state                                0x20008083   Data           1  app_task.o(retention_mem_area0)
    connect_bdaddr                           0x20008084   Data           6  app_task.o(retention_mem_area0)
    tx_state_ptr                             0x2000808c   Data           1  app_sps_scheduler.o(retention_mem_area0)
    rx_state_ptr                             0x2000808d   Data           1  app_sps_scheduler.o(retention_mem_area0)
    callbackbusy                             0x2000808e   Data           1  app_sps_scheduler.o(retention_mem_area0)
    ble_flags                                0x2000808f   Data           3  app_sps_scheduler.o(retention_mem_area0)
    uart_flags                               0x20008092   Data           3  app_sps_scheduler.o(retention_mem_area0)
    rx_read_pointer                          0x20008095   Data           8  app_sps_scheduler.o(retention_mem_area0)
    tx_write_pointer                         0x2000809d   Data          17  app_sps_scheduler.o(retention_mem_area0)
    bletouart_buffer                         0x200080b0   Data          36  app_sps_scheduler.o(retention_mem_area0)
    uarttoble_buffer                         0x200080d4   Data          36  app_sps_scheduler.o(retention_mem_area0)
    app_sec_env                              0x200080f8   Data          36  app_sec.o(retention_mem_area0)
    rwip_heap_non_ret                        0x200085f4   Data        2572  jump_table.o(heap_mem_area_not_ret)
    SystemCoreClock                          0x20009000   Data           0  rom_symdef.txt ABSOLUTE
    error                                    0x20009004   Data           0  rom_symdef.txt ABSOLUTE
    GPIO_status                              0x20009020   Data           8  gpio.o(.bss)
    GPIO                                     0x20009028   Data         160  gpio.o(.bss)
    GPIOHandlerFunction                      0x200090c8   Data          20  gpio.o(.bss)
    sps_server_env                           0x200090de   Data          12  sps_server.o(.bss)
    sps_server_state                         0x200090ea   Data           1  sps_server_task.o(.bss)
    sample128_placeholder                    0x200090ec   Data           1  app_sample128_task.o(.bss)
    __initial_sp                             0x20009800   Data           0  boot_vectors.o(STACK)



==============================================================================

Memory Map of the image

  Image Entry point : 0x20000441

  Load Region LR_IROM1 (Base: 0x20000000, Size: 0x000000a0, Max: 0x00000160, ABSOLUTE)

    Execution Region ER_IROM1 (Base: 0x20000000, Size: 0x000000a0, Max: 0x00000160, ABSOLUTE)

    Base Addr    Size         Type   Attr      Idx    E Section Name        Object

    0x20000000   0x000000a0   Data   RO           52    RESET               boot_vectors.o



  Load Region LR_IROM2 (Base: 0x20000160, Size: 0x00000160, Max: 0x00000160, ABSOLUTE)

    Execution Region ER_IROM2 (Base: 0x20000160, Size: 0x00000160, Max: 0x00000160, ABSOLUTE)

    Base Addr    Size         Type   Attr      Idx    E Section Name        Object

    0x20000160   0x00000160   Data   RO          412    jump_table_mem_area  jump_table.o



  Load Region LR_IROM3 (Base: 0x200002c0, Size: 0x00000064, Max: 0x00000080, ABSOLUTE)

    Execution Region ER_IROM3 (Base: 0x200002c0, Size: 0x00000064, Max: 0x00000080, ABSOLUTE)

    Base Addr    Size         Type   Attr      Idx    E Section Name        Object

    0x200002c0   0x00000064   Data   RO          683    timeout_table_area  gapm.o



  Load Region LR_IROM4 (Base: 0x20000340, Size: 0x000000a4, Max: 0x00000100, ABSOLUTE)

    Execution Region ER_IROM4 (Base: 0x20000340, Size: 0x000000a4, Max: 0x00000100, ABSOLUTE)

    Base Addr    Size         Type   Attr      Idx    E Section Name        Object

    0x20000340   0x000000a4   Data   RO          745    nvds_data_storage_area  nvds.o



  Load Region LR_IROM5 (Base: 0x20000440, Size: 0x00004358, Max: 0x000093c0, ABSOLUTE)

    Execution Region ER_IROM5 (Base: 0x20000440, Size: 0x00004358, Max: 0x00007ac0, ABSOLUTE)

    Base Addr    Size         Type   Attr      Idx    E Section Name        Object

    0x20000440   0x00000000   Code   RO         1237  * .ARM.Collect$$$$00000000  mc_p.l(entry.o)
    0x20000440   0x00000004   Code   RO         1238    .ARM.Collect$$$$00000001  mc_p.l(entry2.o)
    0x20000444   0x00000004   Code   RO         1241    .ARM.Collect$$$$00000004  mc_p.l(entry5.o)
    0x20000448   0x00000000   Code   RO         1243    .ARM.Collect$$$$00000008  mc_p.l(entry7b.o)
    0x20000448   0x00000000   Code   RO         1245    .ARM.Collect$$$$0000000A  mc_p.l(entry8b.o)
    0x20000448   0x00000008   Code   RO         1246    .ARM.Collect$$$$0000000B  mc_p.l(entry9a.o)
    0x20000450   0x00000000   Code   RO         1248    .ARM.Collect$$$$0000000D  mc_p.l(entry10a.o)
    0x20000450   0x00000000   Code   RO         1250    .ARM.Collect$$$$0000000F  mc_p.l(entry11a.o)
    0x20000450   0x00000004   Code   RO         1239    .ARM.Collect$$$$00002712  mc_p.l(entry2.o)
    0x20000454   0x0000004c   Code   RO            2    .text               system_armcm0.o
    0x200004a0   0x00000070   Code   RO           53    .text               boot_vectors.o
    0x20000510   0x00000060   Code   RO           58    .text               hardfault_handler.o
    0x20000570   0x000003e0   Code   RO          114    .text               arch_main.o
    0x20000950   0x00000002   Code   RO          407    .text               jump_table.o
    0x20000952   0x00000002   PAD
    0x20000954   0x00000110   Code   RO          479    .text               arch_sleep.o
    0x20000a64   0x00000090   Code   RO          498    .text               nmi_handler.o
    0x20000af4   0x000000ec   Code   RO          517    .text               periph_setup.o
    0x20000be0   0x00000284   Code   RO          532    .text               arch_system.o
    0x20000e64   0x000002dc   Code   RO          581    .text               rf_580.o
    0x20001140   0x0000052c   Code   RO          606    .text               gpio.o
    0x2000166c   0x00000344   Code   RO          629    .text               uart_sps.o
    0x200019b0   0x000001e0   Code   RO          660    .text               uart2.o
    0x20001b90   0x000000b8   Code   RO          681    .text               ke_task.obj
    0x20001c48   0x000000ec   Code   RO          732    .text               atts_task.obj
    0x20001d34   0x000000ec   Code   RO          736    .text               smpc.obj
    0x20001e20   0x00000214   Code   RO          738    .text               smpc_task.obj
    0x20002034   0x000000c4   Code   RO          740    .text               ch_map.obj
    0x200020f8   0x00000180   Code   RO          742    .text               gapm_util.obj
    0x20002278   0x00000084   Code   RO          744    .text               nvds.o
    0x200022fc   0x000000fc   Code   RO          761    .text               rwip.o
    0x200023f8   0x00000180   Code   RO          795    .text               rwble.o
    0x20002578   0x000000e0   Code   RO          825    .text               prf_utils.o
    0x20002658   0x00000024   Code   RO          874    .text               sps_server.o
    0x2000267c   0x00000584   Code   RO          893    .text               sps_server_task.o
    0x20002c00   0x000000b4   Code   RO          948    .text               sample128.o
    0x20002cb4   0x0000027c   Code   RO          976    .text               sample128_task.o
    0x20002f30   0x000001c4   Code   RO         1007    .text               app.o
    0x200030f4   0x00000210   Code   RO         1049    .text               app_task.o
    0x20003304   0x0000059a   Code   RO         1083    .text               app_sps_scheduler.o
    0x2000389e   0x00000002   PAD
    0x200038a0   0x0000035c   Code   RO         1118    .text               app_sps_device_project.o
    0x20003bfc   0x00000048   Code   RO         1135    .text               app_spss_task.o
    0x20003c44   0x00000080   Code   RO         1147    .text               app_spss.o
    0x20003cc4   0x000000b0   Code   RO         1171    .text               app_sec.o
    0x20003d74   0x00000120   Code   RO         1189    .text               app_sec_task.o
    0x20003e94   0x00000078   Code   RO         1201    .text               app_sample128.o
    0x20003f0c   0x00000080   Code   RO         1218    .text               app_sample128_task.o
    0x20003f8c   0x00000024   Code   RO         1252    .text               mc_p.l(init.o)
    0x20003fb0   0x0000000c   Ven    RO         1262    Veneer$$Code        anon$$obj.o
    0x20003fbc   0x0000000c   Ven    RO         1263    Veneer$$Code        anon$$obj.o
    0x20003fc8   0x0000000c   Ven    RO         1264    Veneer$$Code        anon$$obj.o
    0x20003fd4   0x0000000c   Ven    RO         1265    Veneer$$Code        anon$$obj.o
    0x20003fe0   0x0000000c   Ven    RO         1266    Veneer$$Code        anon$$obj.o
    0x20003fec   0x0000000c   Ven    RO         1267    Veneer$$Code        anon$$obj.o
    0x20003ff8   0x0000000c   Ven    RO         1268    Veneer$$Code        anon$$obj.o
    0x20004004   0x0000000c   Ven    RO         1269    Veneer$$Code        anon$$obj.o
    0x20004010   0x0000000c   Ven    RO         1270    Veneer$$Code        anon$$obj.o
    0x2000401c   0x0000000c   Ven    RO         1271    Veneer$$Code        anon$$obj.o
    0x20004028   0x0000000c   Ven    RO         1272    Veneer$$Code        anon$$obj.o
    0x20004034   0x0000000c   Ven    RO         1273    Veneer$$Code        anon$$obj.o
    0x20004040   0x0000000c   Ven    RO         1274    Veneer$$Code        anon$$obj.o
    0x2000404c   0x0000000c   Ven    RO         1275    Veneer$$Code        anon$$obj.o
    0x20004058   0x0000000c   Ven    RO         1276    Veneer$$Code        anon$$obj.o
    0x20004064   0x0000000c   Ven    RO         1277    Veneer$$Code        anon$$obj.o
    0x20004070   0x0000000c   Ven    RO         1278    Veneer$$Code        anon$$obj.o
    0x2000407c   0x0000000c   Ven    RO         1279    Veneer$$Code        anon$$obj.o
    0x20004088   0x0000000c   Ven    RO         1280    Veneer$$Code        anon$$obj.o
    0x20004094   0x0000000c   Ven    RO         1281    Veneer$$Code        anon$$obj.o
    0x200040a0   0x0000000c   Ven    RO         1282    Veneer$$Code        anon$$obj.o
    0x200040ac   0x0000000c   Ven    RO         1283    Veneer$$Code        anon$$obj.o
    0x200040b8   0x0000000c   Ven    RO         1284    Veneer$$Code        anon$$obj.o
    0x200040c4   0x0000000c   Ven    RO         1285    Veneer$$Code        anon$$obj.o
    0x200040d0   0x0000000c   Ven    RO         1286    Veneer$$Code        anon$$obj.o
    0x200040dc   0x0000000c   Ven    RO         1287    Veneer$$Code        anon$$obj.o
    0x200040e8   0x0000000c   Ven    RO         1288    Veneer$$Code        anon$$obj.o
    0x200040f4   0x0000000c   Ven    RO         1289    Veneer$$Code        anon$$obj.o
    0x20004100   0x0000000c   Ven    RO         1290    Veneer$$Code        anon$$obj.o
    0x2000410c   0x0000000c   Ven    RO         1291    Veneer$$Code        anon$$obj.o
    0x20004118   0x0000000c   Ven    RO         1292    Veneer$$Code        anon$$obj.o
    0x20004124   0x0000000c   Ven    RO         1293    Veneer$$Code        anon$$obj.o
    0x20004130   0x0000000c   Ven    RO         1294    Veneer$$Code        anon$$obj.o
    0x2000413c   0x0000000c   Ven    RO         1295    Veneer$$Code        anon$$obj.o
    0x20004148   0x0000000c   Ven    RO         1296    Veneer$$Code        anon$$obj.o
    0x20004154   0x0000000c   Ven    RO         1297    Veneer$$Code        anon$$obj.o
    0x20004160   0x0000000c   Ven    RO         1298    Veneer$$Code        anon$$obj.o
    0x2000416c   0x0000000c   Ven    RO         1299    Veneer$$Code        anon$$obj.o
    0x20004178   0x0000000c   Ven    RO         1300    Veneer$$Code        anon$$obj.o
    0x20004184   0x0000000c   Ven    RO         1301    Veneer$$Code        anon$$obj.o
    0x20004190   0x0000000c   Ven    RO         1302    Veneer$$Code        anon$$obj.o
    0x2000419c   0x0000000c   Ven    RO         1303    Veneer$$Code        anon$$obj.o
    0x200041a8   0x0000000c   Ven    RO         1304    Veneer$$Code        anon$$obj.o
    0x200041b4   0x0000000c   Ven    RO         1305    Veneer$$Code        anon$$obj.o
    0x200041c0   0x0000000c   Ven    RO         1306    Veneer$$Code        anon$$obj.o
    0x200041cc   0x0000000c   Ven    RO         1307    Veneer$$Code        anon$$obj.o
    0x200041d8   0x0000000c   Ven    RO         1308    Veneer$$Code        anon$$obj.o
    0x200041e4   0x0000000c   Ven    RO         1309    Veneer$$Code        anon$$obj.o
    0x200041f0   0x0000000c   Ven    RO         1310    Veneer$$Code        anon$$obj.o
    0x200041fc   0x0000000c   Ven    RO         1311    Veneer$$Code        anon$$obj.o
    0x20004208   0x0000000c   Ven    RO         1312    Veneer$$Code        anon$$obj.o
    0x20004214   0x0000000c   Ven    RO         1313    Veneer$$Code        anon$$obj.o
    0x20004220   0x0000000c   Ven    RO         1314    Veneer$$Code        anon$$obj.o
    0x2000422c   0x0000000c   Ven    RO         1315    Veneer$$Code        anon$$obj.o
    0x20004238   0x0000000c   Ven    RO         1316    Veneer$$Code        anon$$obj.o
    0x20004244   0x0000000c   Ven    RO         1317    Veneer$$Code        anon$$obj.o
    0x20004250   0x0000000c   Ven    RO         1318    Veneer$$Code        anon$$obj.o
    0x2000425c   0x0000000c   Ven    RO         1319    Veneer$$Code        anon$$obj.o
    0x20004268   0x0000000c   Ven    RO         1320    Veneer$$Code        anon$$obj.o
    0x20004274   0x0000000c   Ven    RO         1321    Veneer$$Code        anon$$obj.o
    0x20004280   0x0000000c   Ven    RO         1322    Veneer$$Code        anon$$obj.o
    0x2000428c   0x0000000c   Ven    RO         1323    Veneer$$Code        anon$$obj.o
    0x20004298   0x0000000c   Ven    RO         1324    Veneer$$Code        anon$$obj.o
    0x200042a4   0x0000000c   Ven    RO         1325    Veneer$$Code        anon$$obj.o
    0x200042b0   0x0000000c   Ven    RO         1326    Veneer$$Code        anon$$obj.o
    0x200042bc   0x0000000c   Ven    RO         1327    Veneer$$Code        anon$$obj.o
    0x200042c8   0x0000000c   Ven    RO         1328    Veneer$$Code        anon$$obj.o
    0x200042d4   0x0000000c   Ven    RO         1329    Veneer$$Code        anon$$obj.o
    0x200042e0   0x0000000c   Ven    RO         1330    Veneer$$Code        anon$$obj.o
    0x200042ec   0x0000000c   Ven    RO         1331    Veneer$$Code        anon$$obj.o
    0x200042f8   0x0000000c   Ven    RO         1332    Veneer$$Code        anon$$obj.o
    0x20004304   0x0000000c   Ven    RO         1333    Veneer$$Code        anon$$obj.o
    0x20004310   0x0000000c   Ven    RO         1334    Veneer$$Code        anon$$obj.o
    0x2000431c   0x0000000c   Ven    RO         1335    Veneer$$Code        anon$$obj.o
    0x20004328   0x0000000c   Ven    RO         1336    Veneer$$Code        anon$$obj.o
    0x20004334   0x0000000c   Ven    RO         1337    Veneer$$Code        anon$$obj.o
    0x20004340   0x0000000c   Ven    RO         1338    Veneer$$Code        anon$$obj.o
    0x2000434c   0x0000000c   Ven    RO         1339    Veneer$$Code        anon$$obj.o
    0x20004358   0x0000000c   Ven    RO         1340    Veneer$$Code        anon$$obj.o
    0x20004364   0x0000000c   Ven    RO         1341    Veneer$$Code        anon$$obj.o
    0x20004370   0x0000000c   Ven    RO         1342    Veneer$$Code        anon$$obj.o
    0x2000437c   0x0000000c   Ven    RO         1343    Veneer$$Code        anon$$obj.o
    0x20004388   0x0000000c   Ven    RO         1344    Veneer$$Code        anon$$obj.o
    0x20004394   0x0000000c   Ven    RO         1345    Veneer$$Code        anon$$obj.o
    0x200043a0   0x0000000c   Ven    RO         1346    Veneer$$Code        anon$$obj.o
    0x200043ac   0x0000000c   Ven    RO         1347    Veneer$$Code        anon$$obj.o
    0x200043b8   0x0000000c   Ven    RO         1348    Veneer$$Code        anon$$obj.o
    0x200043c4   0x0000000c   Ven    RO         1349    Veneer$$Code        anon$$obj.o
    0x200043d0   0x0000000c   Ven    RO         1350    Veneer$$Code        anon$$obj.o
    0x200043dc   0x0000000c   Ven    RO         1351    Veneer$$Code        anon$$obj.o
    0x200043e8   0x0000000c   Ven    RO         1352    Veneer$$Code        anon$$obj.o
    0x200043f4   0x0000000c   Ven    RO         1353    Veneer$$Code        anon$$obj.o
    0x20004400   0x0000000c   Ven    RO         1354    Veneer$$Code        anon$$obj.o
    0x2000440c   0x0000000c   Ven    RO         1355    Veneer$$Code        anon$$obj.o
    0x20004418   0x0000000c   Ven    RO         1356    Veneer$$Code        anon$$obj.o
    0x20004424   0x0000000c   Ven    RO         1357    Veneer$$Code        anon$$obj.o
    0x20004430   0x0000000c   Ven    RO         1358    Veneer$$Code        anon$$obj.o
    0x2000443c   0x0000000c   Ven    RO         1359    Veneer$$Code        anon$$obj.o
    0x20004448   0x0000000c   Ven    RO         1360    Veneer$$Code        anon$$obj.o
    0x20004454   0x0000000c   Ven    RO         1361    Veneer$$Code        anon$$obj.o
    0x20004460   0x0000000e   Code   RO         1256    i.__scatterload_copy  mc_p.l(handlers.o)
    0x2000446e   0x00000002   Code   RO         1257    i.__scatterload_null  mc_p.l(handlers.o)
    0x20004470   0x0000000e   Code   RO         1258    i.__scatterload_zeroinit  mc_p.l(handlers.o)
    0x2000447e   0x00000002   PAD
    0x20004480   0x00000020   Data   RO          115    .constdata          arch_main.o
    0x200044a0   0x00000016   Data   RO          116    .constdata          arch_main.o
    0x200044b6   0x00000008   Data   RO          608    .constdata          gpio.o
    0x200044be   0x00000002   PAD
    0x200044c0   0x00000010   Data   RO          876    .constdata          sps_server.o
    0x200044d0   0x00000087   Data   RO          895    .constdata          sps_server_task.o
    0x20004557   0x00000001   PAD
    0x20004558   0x00000008   Data   RO          896    .constdata          sps_server_task.o
    0x20004560   0x00000008   Data   RO          897    .constdata          sps_server_task.o
    0x20004568   0x00000030   Data   RO          898    .constdata          sps_server_task.o
    0x20004598   0x00000018   Data   RO          899    .constdata          sps_server_task.o
    0x200045b0   0x00000008   Data   RO          900    .constdata          sps_server_task.o
    0x200045b8   0x00000010   Data   RO          949    .constdata          sample128.o
    0x200045c8   0x00000010   Data   RO          950    .constdata          sample128.o
    0x200045d8   0x00000010   Data   RO          951    .constdata          sample128.o
    0x200045e8   0x00000010   Data   RO          952    .constdata          sample128.o
    0x200045f8   0x00000008   Data   RO          977    .constdata          sample128_task.o
    0x20004600   0x00000008   Data   RO          978    .constdata          sample128_task.o
    0x20004608   0x00000010   Data   RO          979    .constdata          sample128_task.o
    0x20004618   0x00000008   Data   RO          980    .constdata          sample128_task.o
    0x20004620   0x00000018   Data   RO          981    .constdata          sample128_task.o
    0x20004638   0x00000008   Data   RO          982    .constdata          sample128_task.o
    0x20004640   0x00000010   Data   RO         1008    .constdata          app.o
    0x20004650   0x00000090   Data   RO         1050    .constdata          app_task.o
    0x200046e0   0x00000008   Data   RO         1051    .constdata          app_task.o
    0x200046e8   0x00000030   Data   RO         1254    Region$$Table       anon$$obj.o
    0x20004718   0x00000004   Data   RW          533    .data               arch_system.o
    0x2000471c   0x0000004d   Data   RW          901    .data               sps_server_task.o
    0x20004769   0x00000013   Data   RW          953    .data               sample128.o
    0x2000477c   0x00000013   Data   RW          954    .data               sample128.o
    0x2000478f   0x00000008   Data   RW         1220    .data               app_sample128_task.o


    Execution Region RW_IRAM50 (Base: 0x20008000, Size: 0x0000011c, Max: 0x000005f4, ABSOLUTE)

    Base Addr    Size         Type   Attr      Idx    E Section Name        Object

    0x20008000   0x00000001   Zero   RW          119    retention_mem_area0  arch_main.o
    0x20008001   0x00000004   Zero   RW          480    retention_mem_area0  arch_sleep.o
    0x20008005   0x00000003   PAD
    0x20008008   0x00000014   Zero   RW          534    retention_mem_area0  arch_system.o
    0x2000801c   0x00000024   Zero   RW          631    retention_mem_area0  uart_sps.o
    0x20008040   0x0000001c   Zero   RW          661    retention_mem_area0  uart2.o
    0x2000805c   0x00000006   Zero   RW          746    retention_mem_area0  nvds.o
    0x20008062   0x00000002   PAD
    0x20008064   0x00000004   Zero   RW          762    retention_mem_area0  rwip.o
    0x20008068   0x00000001   Zero   RW          796    retention_mem_area0  rwble.o
    0x20008069   0x00000001   Zero   RW          902    retention_mem_area0  sps_server_task.o
    0x2000806a   0x0000000a   Zero   RW          955    retention_mem_area0  sample128.o
    0x20008074   0x00000001   Zero   RW          983    retention_mem_area0  sample128_task.o
    0x20008075   0x00000001   PAD
    0x20008076   0x0000000c   Zero   RW         1009    retention_mem_area0  app.o
    0x20008082   0x00000001   Zero   RW         1010    retention_mem_area0  app.o
    0x20008083   0x00000001   Zero   RW         1052    retention_mem_area0  app_task.o
    0x20008084   0x00000006   Zero   RW         1053    retention_mem_area0  app_task.o
    0x2000808a   0x00000002   PAD
    0x2000808c   0x0000006c   Zero   RW         1085    retention_mem_area0  app_sps_scheduler.o
    0x200080f8   0x00000024   Zero   RW         1172    retention_mem_area0  app_sec.o


    Execution Region RW_IRAM51 (Base: 0x200085f4, Size: 0x00000a0c, Max: 0x00000a0c, ABSOLUTE, UNINIT)

    Base Addr    Size         Type   Attr      Idx    E Section Name        Object

    0x200085f4   0x00000a0c   Zero   RW          410    heap_mem_area_not_ret  jump_table.o


    Execution Region RW_IRAM52 (Base: 0x20009000, Size: 0x00000020, Max: 0x00000020, ABSOLUTE, UNINIT)

    Base Addr    Size         Type   Attr      Idx    E Section Name        Object

    0x20009000   0x00000020   Zero   RW            1    RW_IRAM52.bss       anon$$obj.o


    Execution Region RW_IRAM53 (Base: 0x20009020, Size: 0x000000d0, Max: 0x000001e0, ABSOLUTE)

    Base Addr    Size         Type   Attr      Idx    E Section Name        Object

    0x20009020   0x000000bc   Zero   RW          607    .bss                gpio.o
    0x200090dc   0x00000001   Zero   RW          630    .bss                uart_sps.o
    0x200090dd   0x00000001   PAD
    0x200090de   0x0000000c   Zero   RW          875    .bss                sps_server.o
    0x200090ea   0x00000001   Zero   RW          894    .bss                sps_server_task.o
    0x200090eb   0x00000001   Zero   RW         1084    .bss                app_sps_scheduler.o
    0x200090ec   0x00000001   Zero   RW         1219    .bss                app_sample128_task.o


    Execution Region RW_IRAM54 (Base: 0x20009200, Size: 0x00000600, Max: 0x00000600, ABSOLUTE, UNINIT)

    Base Addr    Size         Type   Attr      Idx    E Section Name        Object

    0x20009200   0x00000600   Zero   RW           50    STACK               boot_vectors.o



  Load Region LR_RETENTION_RAM2 (Base: 0x00080768, Size: 0x00000000, Max: 0x00002898, ABSOLUTE)

    Execution Region ZI_RET20 (Base: 0x00080768, Size: 0x000010a8, Max: 0x000022b8, ABSOLUTE, UNINIT)

    Base Addr    Size         Type   Attr      Idx    E Section Name        Object

    0x00080768   0x00000600   Zero   RW          408    heap_db_area        jump_table.o
    0x00080d68   0x0000029c   Zero   RW          409    heap_env_area       jump_table.o
    0x00081004   0x0000080c   Zero   RW          411    heap_msg_area       jump_table.o


    Execution Region ZI_RET21 (Base: 0x00082a20, Size: 0x000005e0, Max: 0x000005e0, ABSOLUTE)

    Base Addr    Size         Type   Attr      Idx    E Section Name        Object

    0x00082a20   0x000005de   Zero   RW          117    BLE_exchange_memory  arch_main.o


==============================================================================

Image component sizes


      Code (inc. data)   RO Data    RW Data    ZI Data      Debug   Object Name

       452         32         16          0         13       5785   app.o
       120         42          0          0          0       1419   app_sample128.o
       128         20          0          8          1       2467   app_sample128_task.o
       176         22          0          0         36       3023   app_sec.o
       288         28          0          0          0       2100   app_sec_task.o
       860         72          0          0          0       6320   app_sps_device_project.o
      1434         46          0          0        109       9187   app_sps_scheduler.o
       128         10          0          0          0       2026   app_spss.o
        72          6          0          0          0       2034   app_spss_task.o
       528         94        152          0          7       7501   app_task.o
       992        146         54          0       1503     156321   arch_main.o
       272         20          0          0          4       4380   arch_sleep.o
       644         52          0          4         20      82946   arch_system.o
       236         18          0          0          0         72   atts_task.obj
       112         26        160          0       1536        748   boot_vectors.o
       196         12          0          0          0        108   ch_map.obj
         0          0        100          0          0       2908   gapm.o
       384         38          0          0          0        112   gapm_util.obj
      1324         44          8          0        188      11944   gpio.o
        96         10          0          0          0       3527   hardfault_handler.o
         2          0        352          0       6836       7477   jump_table.o
       184         18          0          0          0         96   ke_task.obj
       144         18          0          0          0       9449   nmi_handler.o
       132         26        164          0          6       1911   nvds.o
       236         10          0          0          0        954   periph_setup.o
       224          6          0          0          0       7629   prf_utils.o
       732        172          0          0          0      64720   rf_580.o
       384         36          0          0          1      63711   rwble.o
       252         30          0          0          4      63434   rwip.o
       180         12         64         38         10       4759   sample128.o
       636         38         72          0          1       7692   sample128_task.o
       236          8          0          0          0        136   smpc.obj
       532          4          0          0          0         84   smpc_task.obj
        36          8         16          0         12       3243   sps_server.o
      1412         78        231         77          2       7093   sps_server_task.o
        76         16          0          0          0     100149   system_armcm0.o
       480         20          0          0         28      19483   uart2.o
       836         26          0          0         37      27122   uart_sps.o

    ----------------------------------------------------------------------
     16360       1664       1440        128      10400     694070   Object Totals
      1200        400         48          0         32          0   (incl. Generated)
         4          0          3          1         14          0   (incl. Padding)

    ----------------------------------------------------------------------

      Code (inc. data)   RO Data    RW Data    ZI Data      Debug   Library Member Name

         0          0          0          0          0          0   entry.o
         0          0          0          0          0          0   entry10a.o
         0          0          0          0          0          0   entry11a.o
         8          4          0          0          0          0   entry2.o
         4          0          0          0          0          0   entry5.o
         0          0          0          0          0          0   entry7b.o
         0          0          0          0          0          0   entry8b.o
         8          4          0          0          0          0   entry9a.o
        30          0          0          0          0          0   handlers.o
        36          8          0          0          0         68   init.o

    ----------------------------------------------------------------------
        88         16          0          0          0         68   Library Totals
         2          0          0          0          0          0   (incl. Padding)

    ----------------------------------------------------------------------

      Code (inc. data)   RO Data    RW Data    ZI Data      Debug   Library Name

        86         16          0          0          0         68   mc_p.l

    ----------------------------------------------------------------------
        88         16          0          0          0         68   Library Totals

    ----------------------------------------------------------------------

==============================================================================


      Code (inc. data)   RO Data    RW Data    ZI Data      Debug   

     16448       1680       1440        128      10400     691226   Grand Totals
     16448       1680       1440        128      10400     691226   ELF Image Totals
     16448       1680       1440        128          0          0   ROM Totals

==============================================================================

    Total RO  Size (Code + RO Data)                17888 (  17.47kB)
    Total RW  Size (RW Data + ZI Data)             10528 (  10.28kB)
    Total ROM Size (Code + RO Data + RW Data)      18016 (  17.59kB)

==============================================================================

