<html>
<body>
<pre>
<h1>µVision Build Log</h1>
<h2>Project:</h2>
C:\Users\Sam\Desktop\My_temp_project\My_Panasonic_project\My_DA14580_DEMO\My_DA14580_SPS\keil_projects\sps\sps_device\sps_device.uvproj
Project File Date:  06/17/2015

<h2>Output:</h2>
Build target 'sps_device'
compiling sps_server_task.c...
linking...
Program Size: Code=16436 RO-data=1440 RW-data=128 ZI-data=10400  
FromELF: creating hex file...
".\out\sps_device.axf" - 0 Errors, 0 Warning(s).
Build target 'sps_device'
linking...
Program Size: Code=16436 RO-data=1440 RW-data=128 ZI-data=10400  
FromELF: creating hex file...
".\out\sps_device.axf" - 0 Errors, 0 Warning(s).
Build target 'sps_device'
compiling sps_server_task.c...
linking...
Program Size: Code=16436 RO-data=1440 RW-data=128 ZI-data=10400  
FromELF: creating hex file...
".\out\sps_device.axf" - 0 Errors, 0 Warning(s).
Build target 'sps_device'
linking...
Program Size: Code=16436 RO-data=1440 RW-data=128 ZI-data=10400  
FromELF: creating hex file...
".\out\sps_device.axf" - 0 Errors, 0 Warning(s).
Build target 'sps_device'
compiling prf_utils.c...
..\..\..\src\ip\ble\hl\src\profiles\sps\sps_server\sps_server_task.h(162): error:  #65: expected a ";"
compiling sps_server.c...
..\..\..\src\ip\ble\hl\src\profiles\sps\sps_server\sps_server_task.h(162): error:  #65: expected a ";"
..\..\..\src\ip\ble\hl\src\profiles\sps\sps_server\sps_server.c(74): error:  #167: argument of type "uint8_t" is incompatible with parameter of type "const void *restrict"
compiling sps_server_task.c...
..\..\..\src\ip\ble\hl\src\profiles\sps\sps_server\sps_server_task.h(162): error:  #65: expected a ";"
..\..\..\src\ip\ble\hl\src\profiles\sps\sps_server\sps_server_task.c(638): error:  #167: argument of type "uint8_t *" is incompatible with parameter of type "uint8_t"
..\..\..\src\ip\ble\hl\src\profiles\sps\sps_server\sps_server_task.c(675): error:  #20: identifier "sps_server_led_ind_handler" is undefined
..\..\..\src\ip\ble\hl\src\profiles\sps\sps_server\sps_server_task.c(675): error:  #44: expression must have pointer type
..\..\..\src\ip\ble\hl\src\profiles\sps\sps_server\sps_server_task.c(679): error:  #147: declaration is incompatible with "struct ke_state_handler sps_server_state_handler[SPS_SERVER_STATE_MAX]" (declared at line 162 of "..\..\..\src\ip\ble\hl\src\profiles\sps\sps_server\sps_server_task.h")
compiling app.c...
..\..\..\src\ip\ble\hl\src\profiles\sps\sps_server\sps_server_task.h(162): error:  #65: expected a ";"
..\..\..\src\modules\app\src\app.c(376): warning:  #1441-D: nonstandard cast on lvalue
compiling app_task.c...
..\..\..\src\ip\ble\hl\src\profiles\sps\sps_server\sps_server_task.h(162): error:  #65: expected a ";"
compiling app_sps_scheduler.c...
..\..\..\src\ip\ble\hl\src\profiles\sps\sps_server\sps_server_task.h(162): error:  #65: expected a ";"
compiling app_sps_device_project.c...
..\..\..\src\ip\ble\hl\src\profiles\sps\sps_server\sps_server_task.h(162): error:  #65: expected a ";"
compiling app_spss_task.c...
..\..\..\src\ip\ble\hl\src\profiles\sps\sps_server\sps_server_task.h(162): error:  #65: expected a ";"
compiling app_spss.c...
..\..\..\src\ip\ble\hl\src\profiles\sps\sps_server\sps_server_task.h(162): error:  #65: expected a ";"
compiling app_sec.c...
..\..\..\src\ip\ble\hl\src\profiles\sps\sps_server\sps_server_task.h(162): error:  #65: expected a ";"
compiling app_sec_task.c...
..\..\..\src\ip\ble\hl\src\profiles\sps\sps_server\sps_server_task.h(162): error:  #65: expected a ";"
compiling app_sample128_task.c...
..\..\..\src\ip\ble\hl\src\profiles\sps\sps_server\sps_server_task.h(162): error:  #65: expected a ";"
app_sample128_task.c(100): warning:  #1-D: last line of file ends without a newline
".\out\sps_device.axf" - 17 Errors, 2 Warning(s).
Target not created
Build target 'sps_device'
compiling prf_utils.c...
compiling sps_server.c...
..\..\..\src\ip\ble\hl\src\profiles\sps\sps_server\sps_server.c(74): error:  #167: argument of type "uint8_t" is incompatible with parameter of type "const void *restrict"
compiling sps_server_task.c...
..\..\..\src\ip\ble\hl\src\profiles\sps\sps_server\sps_server_task.c(638): error:  #167: argument of type "uint8_t *" is incompatible with parameter of type "uint8_t"
..\..\..\src\ip\ble\hl\src\profiles\sps\sps_server\sps_server_task.c(675): error:  #20: identifier "sps_server_led_ind_handler" is undefined
..\..\..\src\ip\ble\hl\src\profiles\sps\sps_server\sps_server_task.c(675): error:  #44: expression must have pointer type
compiling app.c...
..\..\..\src\modules\app\src\app.c(376): warning:  #1441-D: nonstandard cast on lvalue
compiling app_task.c...
compiling app_sps_scheduler.c...
compiling app_sps_device_project.c...
compiling app_spss_task.c...
compiling app_spss.c...
compiling app_sec.c...
compiling app_sec_task.c...
compiling app_sample128_task.c...
app_sample128_task.c(100): warning:  #1-D: last line of file ends without a newline
".\out\sps_device.axf" - 4 Errors, 2 Warning(s).
Target not created
Build target 'sps_device'
compiling sps_server.c...
..\..\..\src\ip\ble\hl\src\profiles\sps\sps_server\sps_server.c(74): error:  #167: argument of type "uint8_t" is incompatible with parameter of type "const void *restrict"
compiling sps_server_task.c...
..\..\..\src\ip\ble\hl\src\profiles\sps\sps_server\sps_server_task.c(638): error:  #167: argument of type "uint8_t *" is incompatible with parameter of type "uint8_t"
..\..\..\src\ip\ble\hl\src\profiles\sps\sps_server\sps_server_task.c(675): error:  #20: identifier "sps_server_led_ind_handler" is undefined
..\..\..\src\ip\ble\hl\src\profiles\sps\sps_server\sps_server_task.c(675): error:  #44: expression must have pointer type
".\out\sps_device.axf" - 4 Errors, 0 Warning(s).
Target not created
Build target 'sps_device'
compiling sps_server.c...
..\..\..\src\ip\ble\hl\src\profiles\sps\sps_server\sps_server.c(74): error:  #167: argument of type "uint8_t" is incompatible with parameter of type "const void *restrict"
compiling sps_server_task.c...
..\..\..\src\ip\ble\hl\src\profiles\sps\sps_server\sps_server_task.c(638): error:  #167: argument of type "uint8_t *" is incompatible with parameter of type "uint8_t"
..\..\..\src\ip\ble\hl\src\profiles\sps\sps_server\sps_server_task.c(675): error:  #20: identifier "sps_server_led_ind_handler" is undefined
..\..\..\src\ip\ble\hl\src\profiles\sps\sps_server\sps_server_task.c(675): error:  #44: expression must have pointer type
".\out\sps_device.axf" - 4 Errors, 0 Warning(s).
Target not created
Build target 'sps_device'
compiling sps_server.c...
..\..\..\src\ip\ble\hl\src\profiles\sps\sps_server\sps_server.c(74): error:  #167: argument of type "uint8_t" is incompatible with parameter of type "const void *restrict"
compiling sps_server_task.c...
..\..\..\src\ip\ble\hl\src\profiles\sps\sps_server\sps_server_task.c(638): error:  #132: expression must have pointer-to-struct-or-union type
..\..\..\src\ip\ble\hl\src\profiles\sps\sps_server\sps_server_task.c(675): error:  #20: identifier "sps_server_led_ind_handler" is undefined
..\..\..\src\ip\ble\hl\src\profiles\sps\sps_server\sps_server_task.c(675): error:  #44: expression must have pointer type
".\out\sps_device.axf" - 4 Errors, 0 Warning(s).
Target not created
Build target 'sps_device'
compiling sps_server.c...
..\..\..\src\ip\ble\hl\src\profiles\sps\sps_server\sps_server.c(74): error:  #136: struct "sps_server_led_val_ind" has no field "val"
..\..\..\src\ip\ble\hl\src\profiles\sps\sps_server\sps_server.c(74): error:  #167: argument of type "uint8_t" is incompatible with parameter of type "const void *restrict"
compiling sps_server_task.c...
..\..\..\src\ip\ble\hl\src\profiles\sps\sps_server\sps_server_task.c(638): error:  #132: expression must have pointer-to-struct-or-union type
..\..\..\src\ip\ble\hl\src\profiles\sps\sps_server\sps_server_task.c(675): error:  #20: identifier "sps_server_led_ind_handler" is undefined
..\..\..\src\ip\ble\hl\src\profiles\sps\sps_server\sps_server_task.c(675): error:  #44: expression must have pointer type
".\out\sps_device.axf" - 5 Errors, 0 Warning(s).
Target not created
Build target 'sps_device'
compiling sps_server.c...
..\..\..\src\ip\ble\hl\src\profiles\sps\sps_server\sps_server.c(74): error:  #167: argument of type "uint8_t" is incompatible with parameter of type "const void *restrict"
compiling sps_server_task.c...
..\..\..\src\ip\ble\hl\src\profiles\sps\sps_server\sps_server_task.c(638): error:  #132: expression must have pointer-to-struct-or-union type
..\..\..\src\ip\ble\hl\src\profiles\sps\sps_server\sps_server_task.c(675): error:  #20: identifier "sps_server_led_ind_handler" is undefined
..\..\..\src\ip\ble\hl\src\profiles\sps\sps_server\sps_server_task.c(675): error:  #44: expression must have pointer type
".\out\sps_device.axf" - 4 Errors, 0 Warning(s).
Target not created
Build target 'sps_device'
compiling sps_server.c...
..\..\..\src\ip\ble\hl\src\profiles\sps\sps_server\sps_server.c(74): error:  #167: argument of type "uint8_t" is incompatible with parameter of type "const void *restrict"
compiling sps_server_task.c...
..\..\..\src\ip\ble\hl\src\profiles\sps\sps_server\sps_server_task.c(638): error:  #167: argument of type "uint8_t *" is incompatible with parameter of type "uint8_t"
..\..\..\src\ip\ble\hl\src\profiles\sps\sps_server\sps_server_task.c(675): error:  #20: identifier "sps_server_led_ind_handler" is undefined
..\..\..\src\ip\ble\hl\src\profiles\sps\sps_server\sps_server_task.c(675): error:  #44: expression must have pointer type
".\out\sps_device.axf" - 4 Errors, 0 Warning(s).
Target not created
Build target 'sps_device'
compiling sps_server.c...
compiling sps_server_task.c...
..\..\..\src\ip\ble\hl\src\profiles\sps\sps_server\sps_server_task.c(638): error:  #167: argument of type "uint8_t *" is incompatible with parameter of type "uint8_t"
..\..\..\src\ip\ble\hl\src\profiles\sps\sps_server\sps_server_task.c(675): error:  #20: identifier "sps_server_led_ind_handler" is undefined
..\..\..\src\ip\ble\hl\src\profiles\sps\sps_server\sps_server_task.c(675): error:  #44: expression must have pointer type
".\out\sps_device.axf" - 3 Errors, 0 Warning(s).
Target not created
Build target 'sps_device'
compiling sps_server_task.c...
..\..\..\src\ip\ble\hl\src\profiles\sps\sps_server\sps_server_task.c(639): error:  #167: argument of type "uint8_t *" is incompatible with parameter of type "uint8_t"
..\..\..\src\ip\ble\hl\src\profiles\sps\sps_server\sps_server_task.c(676): error:  #20: identifier "sps_server_led_ind_handler" is undefined
..\..\..\src\ip\ble\hl\src\profiles\sps\sps_server\sps_server_task.c(676): error:  #44: expression must have pointer type
".\out\sps_device.axf" - 3 Errors, 0 Warning(s).
Target not created
Build target 'sps_device'
compiling prf_utils.c...
compiling sps_server.c...
compiling sps_server_task.c...
..\..\..\src\ip\ble\hl\src\profiles\sps\sps_server\sps_server_task.c(639): error:  #158: expression must be an lvalue or a function designator
..\..\..\src\ip\ble\hl\src\profiles\sps\sps_server\sps_server_task.c(676): error:  #20: identifier "sps_server_led_ind_handler" is undefined
..\..\..\src\ip\ble\hl\src\profiles\sps\sps_server\sps_server_task.c(676): error:  #44: expression must have pointer type
compiling app_sps_scheduler.c...
compiling app_sps_device_project.c...
compiling app_spss_task.c...
compiling app_spss.c...
".\out\sps_device.axf" - 3 Errors, 0 Warning(s).
Target not created
Build target 'sps_device'
compiling prf_utils.c...
compiling sps_server.c...
compiling sps_server_task.c...
..\..\..\src\ip\ble\hl\src\profiles\sps\sps_server\sps_server_task.c(640): error:  #167: argument of type "uint8_t *" is incompatible with parameter of type "uint8_t"
compiling app_sps_scheduler.c...
compiling app_sps_device_project.c...
compiling app_spss_task.c...
compiling app_spss.c...
".\out\sps_device.axf" - 1 Errors, 0 Warning(s).
Target not created
Build target 'sps_device'
compiling sps_server_task.c...
..\..\..\src\ip\ble\hl\src\profiles\sps\sps_server\sps_server_task.c(640): error:  #167: argument of type "uint8_t *" is incompatible with parameter of type "uint8_t"
".\out\sps_device.axf" - 1 Errors, 0 Warning(s).
Target not created
Build target 'sps_device'
compiling sps_server_task.c...
..\..\..\src\ip\ble\hl\src\profiles\sps\sps_server\sps_server_task.c(640): error:  #167: argument of type "uint8_t *" is incompatible with parameter of type "uint8_t"
".\out\sps_device.axf" - 1 Errors, 0 Warning(s).
Target not created
Build target 'sps_device'
compiling sps_server_task.c...
linking...
Program Size: Code=16496 RO-data=1448 RW-data=128 ZI-data=10400  
FromELF: creating hex file...
".\out\sps_device.axf" - 0 Errors, 0 Warning(s).
Build target 'sps_device'
linking...
Program Size: Code=16496 RO-data=1448 RW-data=128 ZI-data=10400  
FromELF: creating hex file...
".\out\sps_device.axf" - 0 Errors, 0 Warning(s).
Build target 'sps_device'
assembling boot_vectors.s...
linking...
Program Size: Code=16500 RO-data=1448 RW-data=128 ZI-data=10400  
FromELF: creating hex file...
".\out\sps_device.axf" - 0 Errors, 0 Warning(s).
Build target 'sps_device'
linking...
Program Size: Code=16500 RO-data=1448 RW-data=128 ZI-data=10400  
FromELF: creating hex file...
".\out\sps_device.axf" - 0 Errors, 0 Warning(s).
Build target 'sps_device'
compiling sps_server_task.c...
..\..\..\src\ip\ble\hl\src\profiles\sps\sps_server\sps_server_task.c(635): error:  #513: a value of type "uint8_t *" cannot be assigned to an entity of type "uint8_t"
..\..\..\src\ip\ble\hl\src\profiles\sps\sps_server\sps_server_task.c(665): error:  #20: identifier "sps_led_status" is undefined
".\out\sps_device.axf" - 2 Errors, 0 Warning(s).
Target not created
Build target 'sps_device'
compiling sps_server_task.c...
..\..\..\src\ip\ble\hl\src\profiles\sps\sps_server\sps_server_task.c(665): error:  #20: identifier "sps_led_status" is undefined
".\out\sps_device.axf" - 1 Errors, 0 Warning(s).
Target not created
Build target 'sps_device'
compiling sps_server.c...
compiling sps_server_task.c...
linking...
Program Size: Code=16484 RO-data=1448 RW-data=128 ZI-data=10400  
FromELF: creating hex file...
".\out\sps_device.axf" - 0 Errors, 0 Warning(s).
Build target 'sps_device'
compiling sps_server_task.c...
..\..\..\src\ip\ble\hl\src\profiles\sps\sps_server\sps_server_task.c(638): error:  #140: too many arguments in function call
".\out\sps_device.axf" - 1 Errors, 0 Warning(s).
Target not created
Build target 'sps_device'
compiling sps_server_task.c...
..\..\..\src\ip\ble\hl\src\profiles\sps\sps_server\sps_server_task.c(638): error:  #26: too many characters in character constant
..\..\..\src\ip\ble\hl\src\profiles\sps\sps_server\sps_server_task.c(638): error:  #18: expected a ")"
".\out\sps_device.axf" - 2 Errors, 0 Warning(s).
Target not created
Build target 'sps_device'
compiling sps_server_task.c...
linking...
Program Size: Code=16536 RO-data=1448 RW-data=128 ZI-data=10400  
FromELF: creating hex file...
".\out\sps_device.axf" - 0 Errors, 0 Warning(s).
Build target 'sps_device'
compiling sps_server.c...
compiling sps_server_task.c...
linking...
Program Size: Code=16564 RO-data=1448 RW-data=128 ZI-data=10400  
FromELF: creating hex file...
".\out\sps_device.axf" - 0 Errors, 0 Warning(s).
Build target 'sps_device'
compiling prf_utils.c...
..\..\..\src\ip\ble\hl\src\profiles\sps\sps_server\sps_server_task.h(161): error:  #7: unrecognized token
..\..\..\src\ip\ble\hl\src\profiles\sps\sps_server\sps_server_task.h(161): error:  #65: expected a ";"
.\..\..\..\src\modules\rwip\api\rwip.h(43): warning:  #12-D: parsing restarts here after previous syntax error
compiling sps_server.c...
..\..\..\src\ip\ble\hl\src\profiles\sps\sps_server\sps_server_task.h(161): error:  #7: unrecognized token
..\..\..\src\ip\ble\hl\src\profiles\sps\sps_server\sps_server_task.h(161): error:  #65: expected a ";"
.\..\..\..\src\modules\ke\api\ke_timer.h(56): warning:  #12-D: parsing restarts here after previous syntax error
compiling sps_server_task.c...
..\..\..\src\ip\ble\hl\src\profiles\sps\sps_server\sps_server_task.h(161): error:  #7: unrecognized token
..\..\..\src\ip\ble\hl\src\profiles\sps\sps_server\sps_server_task.h(161): error:  #65: expected a ";"
..\..\..\src\modules\app\src\app_project\sps\uart\uart_sps.h(117): warning:  #12-D: parsing restarts here after previous syntax error
compiling app.c...
..\..\..\src\ip\ble\hl\src\profiles\sps\sps_server\sps_server_task.h(161): error:  #7: unrecognized token
..\..\..\src\ip\ble\hl\src\profiles\sps\sps_server\sps_server_task.h(161): error:  #65: expected a ";"
.\..\..\..\src\ip\ble\hl\src\host\l2c\l2cc\l2cc.h(54): warning:  #12-D: parsing restarts here after previous syntax error
.\..\..\..\src\modules\app\src\app_project\sps\app_sps_device_proj_task.h(85): warning:  #231-D: declaration is not visible outside of function
..\..\..\src\modules\app\src\app.c(376): warning:  #1441-D: nonstandard cast on lvalue
compiling app_task.c...
..\..\..\src\ip\ble\hl\src\profiles\sps\sps_server\sps_server_task.h(161): error:  #7: unrecognized token
..\..\..\src\ip\ble\hl\src\profiles\sps\sps_server\sps_server_task.h(161): error:  #65: expected a ";"
.\..\..\..\src\ip\ble\hl\src\host\l2c\l2cc\l2cc.h(54): warning:  #12-D: parsing restarts here after previous syntax error
.\..\..\..\src\modules\app\src\app_project\sps\app_sps_device_proj_task.h(85): warning:  #231-D: declaration is not visible outside of function
compiling app_sps_scheduler.c...
..\..\..\src\ip\ble\hl\src\profiles\sps\sps_server\sps_server_task.h(161): error:  #7: unrecognized token
..\..\..\src\ip\ble\hl\src\profiles\sps\sps_server\sps_server_task.h(161): error:  #65: expected a ";"
.\..\..\..\src\ip\ble\hl\src\host\l2c\l2cc\l2cc.h(54): warning:  #12-D: parsing restarts here after previous syntax error
..\..\..\src\modules\app\src\app_project\sps\app_sps_device_proj_task.h(85): warning:  #231-D: declaration is not visible outside of function
compiling app_sps_device_project.c...
..\..\..\src\ip\ble\hl\src\profiles\sps\sps_server\sps_server_task.h(161): error:  #7: unrecognized token
..\..\..\src\ip\ble\hl\src\profiles\sps\sps_server\sps_server_task.h(161): error:  #65: expected a ";"
.\..\..\..\src\ip\ble\hl\src\host\l2c\l2cc\l2cc.h(54): warning:  #12-D: parsing restarts here after previous syntax error
.\..\..\..\src\modules\app\src\app_project\sps\app_sps_device_proj_task.h(85): warning:  #231-D: declaration is not visible outside of function
compiling app_spss_task.c...
..\..\..\src\ip\ble\hl\src\profiles\sps\sps_server\sps_server_task.h(161): error:  #7: unrecognized token
..\..\..\src\ip\ble\hl\src\profiles\sps\sps_server\sps_server_task.h(161): error:  #65: expected a ";"
.\..\..\..\src\ip\ble\hl\src\host\l2c\l2cc\l2cc.h(54): warning:  #12-D: parsing restarts here after previous syntax error
.\..\..\..\src\modules\app\src\app_project\sps\app_sps_device_proj_task.h(85): warning:  #231-D: declaration is not visible outside of function
..\..\..\src\modules\app\src\app_profiles\spss\app_spss_task.c(119): error:  #147-D: declaration is incompatible with "int app_sps_led_control_val_ind_handler(const ke_msg_id_t, const struct sps_server_request_led_control_ind *, const ke_task_id_t, const ke_task_id_t)" (declared at line 84 of ".\..\..\..\src\modules\app\src\app_project\sps\app_sps_device_proj_task.h")
compiling app_spss.c...
..\..\..\src\ip\ble\hl\src\profiles\sps\sps_server\sps_server_task.h(161): error:  #7: unrecognized token
..\..\..\src\ip\ble\hl\src\profiles\sps\sps_server\sps_server_task.h(161): error:  #65: expected a ";"
..\..\..\src\modules\app\src\app_profiles\spss\app_spss.c(146): warning: At end of source:  #12-D: parsing restarts here after previous syntax error
compiling app_sec.c...
..\..\..\src\ip\ble\hl\src\profiles\sps\sps_server\sps_server_task.h(161): error:  #7: unrecognized token
..\..\..\src\ip\ble\hl\src\profiles\sps\sps_server\sps_server_task.h(161): error:  #65: expected a ";"
.\..\..\..\src\ip\ble\hl\src\host\l2c\l2cc\l2cc.h(54): warning:  #12-D: parsing restarts here after previous syntax error
.\..\..\..\src\modules\app\src\app_project\sps\app_sps_device_proj_task.h(85): warning:  #231-D: declaration is not visible outside of function
compiling app_sec_task.c...
..\..\..\src\ip\ble\hl\src\profiles\sps\sps_server\sps_server_task.h(161): error:  #7: unrecognized token
..\..\..\src\ip\ble\hl\src\profiles\sps\sps_server\sps_server_task.h(161): error:  #65: expected a ";"
.\..\..\..\src\ip\ble\hl\src\host\l2c\l2cc\l2cc.h(54): warning:  #12-D: parsing restarts here after previous syntax error
.\..\..\..\src\modules\app\src\app_project\sps\app_sps_device_proj_task.h(85): warning:  #231-D: declaration is not visible outside of function
compiling app_sample128_task.c...
..\..\..\src\ip\ble\hl\src\profiles\sps\sps_server\sps_server_task.h(161): error:  #7: unrecognized token
..\..\..\src\ip\ble\hl\src\profiles\sps\sps_server\sps_server_task.h(161): error:  #65: expected a ";"
.\..\..\..\src\ip\ble\hl\src\host\l2c\l2cc\l2cc.h(54): warning:  #12-D: parsing restarts here after previous syntax error
.\..\..\..\src\modules\app\src\app_project\sps\app_sps_device_proj_task.h(85): warning:  #231-D: declaration is not visible outside of function
app_sample128_task.c(100): warning:  #1-D: last line of file ends without a newline
".\out\sps_device.axf" - 25 Errors, 22 Warning(s).
Target not created
Build target 'sps_device'
compiling prf_utils.c...
compiling sps_server.c...
compiling sps_server_task.c...
compiling app.c...
.\..\..\..\src\modules\app\src\app_project\sps\app_sps_device_proj_task.h(85): warning:  #231-D: declaration is not visible outside of function
..\..\..\src\modules\app\src\app.c(376): warning:  #1441-D: nonstandard cast on lvalue
compiling app_task.c...
.\..\..\..\src\modules\app\src\app_project\sps\app_sps_device_proj_task.h(85): warning:  #231-D: declaration is not visible outside of function
compiling app_sps_scheduler.c...
..\..\..\src\modules\app\src\app_project\sps\app_sps_device_proj_task.h(85): warning:  #231-D: declaration is not visible outside of function
compiling app_sps_device_project.c...
.\..\..\..\src\modules\app\src\app_project\sps\app_sps_device_proj_task.h(85): warning:  #231-D: declaration is not visible outside of function
compiling app_spss_task.c...
.\..\..\..\src\modules\app\src\app_project\sps\app_sps_device_proj_task.h(85): warning:  #231-D: declaration is not visible outside of function
..\..\..\src\modules\app\src\app_profiles\spss\app_spss_task.c(119): error:  #147-D: declaration is incompatible with "int app_sps_led_control_val_ind_handler(const ke_msg_id_t, const struct sps_server_request_led_control_ind *, const ke_task_id_t, const ke_task_id_t)" (declared at line 84 of ".\..\..\..\src\modules\app\src\app_project\sps\app_sps_device_proj_task.h")
compiling app_spss.c...
compiling app_sec.c...
.\..\..\..\src\modules\app\src\app_project\sps\app_sps_device_proj_task.h(85): warning:  #231-D: declaration is not visible outside of function
compiling app_sec_task.c...
.\..\..\..\src\modules\app\src\app_project\sps\app_sps_device_proj_task.h(85): warning:  #231-D: declaration is not visible outside of function
compiling app_sample128_task.c...
.\..\..\..\src\modules\app\src\app_project\sps\app_sps_device_proj_task.h(85): warning:  #231-D: declaration is not visible outside of function
app_sample128_task.c(100): warning:  #1-D: last line of file ends without a newline
".\out\sps_device.axf" - 1 Errors, 10 Warning(s).
Target not created
Build target 'sps_device'
compiling app.c...
..\..\..\src\modules\app\src\app.c(376): warning:  #1441-D: nonstandard cast on lvalue
compiling app_task.c...
compiling app_sps_scheduler.c...
compiling app_sps_device_project.c...
compiling app_spss_task.c...
compiling app_sec.c...
compiling app_sec_task.c...
compiling app_sample128_task.c...
app_sample128_task.c(100): warning:  #1-D: last line of file ends without a newline
linking...
Program Size: Code=16556 RO-data=1448 RW-data=128 ZI-data=10400  
FromELF: creating hex file...
".\out\sps_device.axf" - 0 Errors, 2 Warning(s).
Build target 'sps_device'
linking...
Program Size: Code=16556 RO-data=1448 RW-data=128 ZI-data=10400  
FromELF: creating hex file...
".\out\sps_device.axf" - 0 Errors, 0 Warning(s).
Build target 'sps_device'
compiling sps_server_task.c...
compiling app_sample128.c...
app_sample128.c(41): warning:  #223-D: function "printf_string" declared implicitly
app_sample128.c(45): warning:  #1-D: last line of file ends without a newline
linking...
Program Size: Code=16604 RO-data=1448 RW-data=128 ZI-data=10400  
FromELF: creating hex file...
".\out\sps_device.axf" - 0 Errors, 2 Warning(s).
Build target 'sps_device'
compiling app_sample128.c...
app_sample128.c(46): warning:  #1-D: last line of file ends without a newline
linking...
Program Size: Code=16600 RO-data=1448 RW-data=128 ZI-data=10400  
FromELF: creating hex file...
".\out\sps_device.axf" - 0 Errors, 1 Warning(s).
Build target 'sps_device'
linking...
Program Size: Code=16600 RO-data=1448 RW-data=128 ZI-data=10400  
FromELF: creating hex file...
".\out\sps_device.axf" - 0 Errors, 0 Warning(s).
Build target 'sps_device'
compiling app_sample128.c...
app_sample128.c(46): warning:  #1-D: last line of file ends without a newline
linking...
Program Size: Code=16592 RO-data=1448 RW-data=128 ZI-data=10400  
FromELF: creating hex file...
".\out\sps_device.axf" - 0 Errors, 1 Warning(s).
Build target 'sps_device'
linking...
Program Size: Code=16592 RO-data=1448 RW-data=128 ZI-data=10400  
FromELF: creating hex file...
".\out\sps_device.axf" - 0 Errors, 0 Warning(s).
Build target 'sps_device'
compiling sps_server.c...
compiling sps_server_task.c...
compiling app_task.c...
compiling app_spss_task.c...
linking...
Program Size: Code=16412 RO-data=1440 RW-data=128 ZI-data=10400  
FromELF: creating hex file...
".\out\sps_device.axf" - 0 Errors, 0 Warning(s).
Build target 'sps_device'
linking...
Program Size: Code=16412 RO-data=1440 RW-data=128 ZI-data=10400  
FromELF: creating hex file...
".\out\sps_device.axf" - 0 Errors, 0 Warning(s).
Build target 'sps_device'
compiling sps_server_task.c...
compiling app_spss_task.c...
linking...
Program Size: Code=16412 RO-data=1440 RW-data=128 ZI-data=10400  
FromELF: creating hex file...
".\out\sps_device.axf" - 0 Errors, 0 Warning(s).
Build target 'sps_device'
compiling sps_server_task.c...
linking...
Program Size: Code=16404 RO-data=1440 RW-data=128 ZI-data=10400  
FromELF: creating hex file...
".\out\sps_device.axf" - 0 Errors, 0 Warning(s).
Build target 'sps_device'
compiling sps_server_task.c...
linking...
Program Size: Code=16452 RO-data=1440 RW-data=128 ZI-data=10400  
FromELF: creating hex file...
".\out\sps_device.axf" - 0 Errors, 0 Warning(s).
Build target 'sps_device'
linking...
Program Size: Code=16452 RO-data=1440 RW-data=128 ZI-data=10400  
FromELF: creating hex file...
".\out\sps_device.axf" - 0 Errors, 0 Warning(s).
Build target 'sps_device'
compiling prf_utils.c...
compiling sps_server.c...
compiling sps_server_task.c...
compiling app.c...
..\..\..\src\modules\app\src\app.c(376): warning:  #1441-D: nonstandard cast on lvalue
compiling app_task.c...
compiling app_sps_scheduler.c...
compiling app_sps_device_project.c...
compiling app_spss_task.c...
compiling app_spss.c...
compiling app_sec.c...
compiling app_sec_task.c...
compiling app_sample128_task.c...
app_sample128_task.c(100): warning:  #1-D: last line of file ends without a newline
linking...
Program Size: Code=16424 RO-data=1440 RW-data=128 ZI-data=10400  
FromELF: creating hex file...
".\out\sps_device.axf" - 0 Errors, 2 Warning(s).
Build target 'sps_device'
compiling sample128_task.c...
linking...
Program Size: Code=16412 RO-data=1440 RW-data=128 ZI-data=10400  
FromELF: creating hex file...
".\out\sps_device.axf" - 0 Errors, 0 Warning(s).
Build target 'sps_device'
linking...
Program Size: Code=16412 RO-data=1440 RW-data=128 ZI-data=10400  
FromELF: creating hex file...
".\out\sps_device.axf" - 0 Errors, 0 Warning(s).
Build target 'sps_device'
compiling sample128_task.c...
linking...
Program Size: Code=16412 RO-data=1440 RW-data=128 ZI-data=10400  
FromELF: creating hex file...
".\out\sps_device.axf" - 0 Errors, 0 Warning(s).
Build target 'sps_device'
compiling sps_server_task.c...
compiling sample128_task.c...
linking...
Program Size: Code=16440 RO-data=1440 RW-data=128 ZI-data=10400  
FromELF: creating hex file...
".\out\sps_device.axf" - 0 Errors, 0 Warning(s).
Build target 'sps_device'
compiling sps_server_task.c...
linking...
Program Size: Code=16448 RO-data=1440 RW-data=128 ZI-data=10400  
FromELF: creating hex file...
".\out\sps_device.axf" - 0 Errors, 0 Warning(s).
Build target 'sps_device'
linking...
Program Size: Code=16448 RO-data=1440 RW-data=128 ZI-data=10400  
FromELF: creating hex file...
".\out\sps_device.axf" - 0 Errors, 0 Warning(s).
Build target 'sps_device'
compiling sps_server_task.c...
linking...
Program Size: Code=16448 RO-data=1440 RW-data=128 ZI-data=10400  
FromELF: creating hex file...
".\out\sps_device.axf" - 0 Errors, 0 Warning(s).
Build target 'sps_device'
linking...
Program Size: Code=16448 RO-data=1440 RW-data=128 ZI-data=10400  
FromELF: creating hex file...
".\out\sps_device.axf" - 0 Errors, 0 Warning(s).
Build target 'sps_device'
compiling sps_server_task.c...
linking...
Program Size: Code=16448 RO-data=1440 RW-data=128 ZI-data=10400  
FromELF: creating hex file...
".\out\sps_device.axf" - 0 Errors, 0 Warning(s).
Build target 'sps_device'
compiling sps_server_task.c...
linking...
Program Size: Code=16448 RO-data=1440 RW-data=128 ZI-data=10400  
FromELF: creating hex file...
".\out\sps_device.axf" - 0 Errors, 0 Warning(s).
